,record,event_id,record_attributes,record_type,resource_attributes,start_timestamp,timestamp,trace
0,"{'name': 'root', 'kind': 1, 'parent_span_id': '', 'status': 'STATUS_CODE_UNSET'}",3133190018356876831,"{'name': 'root', 'ai.observability.span_type': 'record_root', 'ai.observability.app_name': 'Simple RAG', 'ai.observability.app_version': 'v1', 'ai.observability.record_id': 'cca1c2f9-aa5e-4871-b7de-169e3cb678bc', 'ai.observability.run_name': 'test run', 'ai.observability.input_id': '42', 'ai.observability.record_root.app_name': 'Simple RAG', 'ai.observability.record_root.app_version': 'v1', 'ai.observability.record_root.record_id': 'cca1c2f9-aa5e-4871-b7de-169e3cb678bc'}",EventRecordType.SPAN,"{'telemetry.sdk.language': 'python', 'telemetry.sdk.name': 'opentelemetry', 'telemetry.sdk.version': '1.28.2', 'service.name': 'trulens'}",2025-02-03 11:18:41.069846,2025-02-03 11:18:41.072601,"{'trace_id': '136710738637867107403368828598128148845', 'parent_id': '', 'span_id': '3133190018356876831'}"
1,"{'name': 'llama_index.core.base.base_query_engine.BaseQueryEngine.query', 'kind': 1, 'parent_span_id': '3133190018356876831', 'status': 'STATUS_CODE_UNSET'}",12700690198303939191,"{'name': 'llama_index.core.base.base_query_engine.BaseQueryEngine.query', 'ai.observability.span_type': 'main', 'ai.observability.app_name': 'Simple RAG', 'ai.observability.app_version': 'v1', 'ai.observability.record_id': 'cca1c2f9-aa5e-4871-b7de-169e3cb678bc', 'ai.observability.run_name': 'test run', 'ai.observability.input_id': '42', 'ai.observability.call.return': 'Context information is below.\n---------------------\npage_label: 2\nfile_path: tests/unit/data/attention_is_all_you_need.pdf\n\nRecent work has achieved\nsignificant improvements in computational efficiency through factorization tricks [21] and conditional\ncomputation [32], while also improving model performance in case of the latter. The fundamental\nconstraint of sequential computation, however, remains.\nAttention mechanisms have become an integral part of compelling sequence modeling and transduc-\ntion models in various tasks, allowing modeling of dependencies without regard to their distance in\nthe input or output sequences [2, 19].\n\npage_label: 3\nfile_path: tests/unit/data/attention_is_all_you_need.pdf\n\nTo facilitate these residual connections, all sub-layers in the model, as well as the embedding\nlayers, produce outputs of dimension dmodel = 512.\nDecoder: The decoder is also composed of a stack of N = 6identical layers. In addition to the two\nsub-layers in each encoder layer, the decoder inserts a third sub-layer, which performs multi-head\nattention over the output of the encoder stack.\n\npage_label: 2\nfile_path: tests/unit/data/attention_is_all_you_need.pdf\n\nRecurrent models typically factor computation along the symbol positions of the input and output\nsequences. Aligning the positions to steps in computation time, they generate a sequence of hidden\nstates ht, as a function of the previous hidden state ht−1 and the input for position t. This inherently\nsequential nature precludes parallelization within training examples, which becomes critical at longer\nsequence lengths, as memory constraints limit batching across examples.\n---------------------\nGiven the context information and not prior knowledge, answer the query.\nQuery: What is multi-headed attention?\nAnswer: ', 'ai.observability.call.kwargs.str_or_query_bundle': 'What is multi-headed attention?', 'ai.observability.main.main_input': 'What is multi-headed attention?', 'ai.observability.main.main_output': 'Context information is below.\n---------------------\npage_label: 2\nfile_path: tests/unit/data/attention_is_all_you_need.pdf\n\nRecent work has achieved\nsignificant improvements in computational efficiency through factorization tricks [21] and conditional\ncomputation [32], while also improving model performance in case of the latter. The fundamental\nconstraint of sequential computation, however, remains.\nAttention mechanisms have become an integral part of compelling sequence modeling and transduc-\ntion models in various tasks, allowing modeling of dependencies without regard to their distance in\nthe input or output sequences [2, 19].\n\npage_label: 3\nfile_path: tests/unit/data/attention_is_all_you_need.pdf\n\nTo facilitate these residual connections, all sub-layers in the model, as well as the embedding\nlayers, produce outputs of dimension dmodel = 512.\nDecoder: The decoder is also composed of a stack of N = 6identical layers. In addition to the two\nsub-layers in each encoder layer, the decoder inserts a third sub-layer, which performs multi-head\nattention over the output of the encoder stack.\n\npage_label: 2\nfile_path: tests/unit/data/attention_is_all_you_need.pdf\n\nRecurrent models typically factor computation along the symbol positions of the input and output\nsequences. Aligning the positions to steps in computation time, they generate a sequence of hidden\nstates ht, as a function of the previous hidden state ht−1 and the input for position t. This inherently\nsequential nature precludes parallelization within training examples, which becomes critical at longer\nsequence lengths, as memory constraints limit batching across examples.\n---------------------\nGiven the context information and not prior knowledge, answer the query.\nQuery: What is multi-headed attention?\nAnswer: '}",EventRecordType.SPAN,"{'telemetry.sdk.language': 'python', 'telemetry.sdk.name': 'opentelemetry', 'telemetry.sdk.version': '1.28.2', 'service.name': 'trulens'}",2025-02-03 11:18:41.069896,2025-02-03 11:18:41.072588,"{'trace_id': '136710738637867107403368828598128148845', 'parent_id': '3133190018356876831', 'span_id': '12700690198303939191'}"
2,"{'name': 'llama_index.core.query_engine.retriever_query_engine.RetrieverQueryEngine.retrieve', 'kind': 1, 'parent_span_id': '12700690198303939191', 'status': 'STATUS_CODE_UNSET'}",10637987979675197348,"{'name': 'llama_index.core.query_engine.retriever_query_engine.RetrieverQueryEngine.retrieve', 'ai.observability.span_type': 'retrieval', 'ai.observability.app_name': 'Simple RAG', 'ai.observability.app_version': 'v1', 'ai.observability.record_id': 'cca1c2f9-aa5e-4871-b7de-169e3cb678bc', 'ai.observability.run_name': 'test run', 'ai.observability.input_id': '42', 'ai.observability.call.return': ['Node ID: 428d9cb7-c82d-4937-9349-054b45bf399b\nText: Recent work has achieved significant improvements in\ncomputational efficiency through factorization tricks [21] and\nconditional computation [32], while also improving model performance\nin case of the latter. The fundamental constraint of sequential\ncomputation, however, remains. Attention mechanisms have become an\nintegral part of compelling seq...\nScore:  0.900\n', 'Node ID: 297adae6-f577-46c4-9847-1d4841715292\nText: To facilitate these residual connections, all sub-layers in the\nmodel, as well as the embedding layers, produce outputs of dimension\ndmodel = 512. Decoder: The decoder is also composed of a stack of N =\n6identical layers. In addition to the two sub-layers in each encoder\nlayer, the decoder inserts a third sub-layer, which performs multi-\nhead att...\nScore:  0.891\n', 'Node ID: 79d63a6c-8da2-4ec6-b9e4-82553be67668\nText: Recurrent models typically factor computation along the symbol\npositions of the input and output sequences. Aligning the positions to\nsteps in computation time, they generate a sequence of hidden states\nht, as a function of the previous hidden state ht−1 and the input for\nposition t. This inherently sequential nature precludes\nparallelization wi...\nScore:  0.880\n'], 'ai.observability.call.kwargs.query_bundle': 'What is multi-headed attention?', 'ai.observability.retrieval.retrieved_contexts': ['Recent work has achieved\nsignificant improvements in computational efficiency through factorization tricks [21] and conditional\ncomputation [32], while also improving model performance in case of the latter. The fundamental\nconstraint of sequential computation, however, remains.\nAttention mechanisms have become an integral part of compelling sequence modeling and transduc-\ntion models in various tasks, allowing modeling of dependencies without regard to their distance in\nthe input or output sequences [2, 19].', 'To facilitate these residual connections, all sub-layers in the model, as well as the embedding\nlayers, produce outputs of dimension dmodel = 512.\nDecoder: The decoder is also composed of a stack of N = 6identical layers. In addition to the two\nsub-layers in each encoder layer, the decoder inserts a third sub-layer, which performs multi-head\nattention over the output of the encoder stack.', 'Recurrent models typically factor computation along the symbol positions of the input and output\nsequences. Aligning the positions to steps in computation time, they generate a sequence of hidden\nstates ht, as a function of the previous hidden state ht−1 and the input for position t. This inherently\nsequential nature precludes parallelization within training examples, which becomes critical at longer\nsequence lengths, as memory constraints limit batching across examples.'], 'ai.observability.retrieval.query_text': 'What is multi-headed attention?'}",EventRecordType.SPAN,"{'telemetry.sdk.language': 'python', 'telemetry.sdk.name': 'opentelemetry', 'telemetry.sdk.version': '1.28.2', 'service.name': 'trulens'}",2025-02-03 11:18:41.070022,2025-02-03 11:18:41.071313,"{'trace_id': '136710738637867107403368828598128148845', 'parent_id': '12700690198303939191', 'span_id': '10637987979675197348'}"
3,"{'name': 'llama_index.core.base.base_retriever.BaseRetriever.retrieve', 'kind': 1, 'parent_span_id': '10637987979675197348', 'status': 'STATUS_CODE_UNSET'}",6868179955598764945,"{'name': 'llama_index.core.base.base_retriever.BaseRetriever.retrieve', 'ai.observability.span_type': 'retrieval', 'ai.observability.app_name': 'Simple RAG', 'ai.observability.app_version': 'v1', 'ai.observability.record_id': 'cca1c2f9-aa5e-4871-b7de-169e3cb678bc', 'ai.observability.run_name': 'test run', 'ai.observability.input_id': '42', 'ai.observability.call.return': ['Node ID: 428d9cb7-c82d-4937-9349-054b45bf399b\nText: Recent work has achieved significant improvements in\ncomputational efficiency through factorization tricks [21] and\nconditional computation [32], while also improving model performance\nin case of the latter. The fundamental constraint of sequential\ncomputation, however, remains. Attention mechanisms have become an\nintegral part of compelling seq...\nScore:  0.900\n', 'Node ID: 297adae6-f577-46c4-9847-1d4841715292\nText: To facilitate these residual connections, all sub-layers in the\nmodel, as well as the embedding layers, produce outputs of dimension\ndmodel = 512. Decoder: The decoder is also composed of a stack of N =\n6identical layers. In addition to the two sub-layers in each encoder\nlayer, the decoder inserts a third sub-layer, which performs multi-\nhead att...\nScore:  0.891\n', 'Node ID: 79d63a6c-8da2-4ec6-b9e4-82553be67668\nText: Recurrent models typically factor computation along the symbol\npositions of the input and output sequences. Aligning the positions to\nsteps in computation time, they generate a sequence of hidden states\nht, as a function of the previous hidden state ht−1 and the input for\nposition t. This inherently sequential nature precludes\nparallelization wi...\nScore:  0.880\n'], 'ai.observability.call.kwargs.str_or_query_bundle': 'What is multi-headed attention?', 'ai.observability.retrieval.retrieved_contexts': ['Recent work has achieved\nsignificant improvements in computational efficiency through factorization tricks [21] and conditional\ncomputation [32], while also improving model performance in case of the latter. The fundamental\nconstraint of sequential computation, however, remains.\nAttention mechanisms have become an integral part of compelling sequence modeling and transduc-\ntion models in various tasks, allowing modeling of dependencies without regard to their distance in\nthe input or output sequences [2, 19].', 'To facilitate these residual connections, all sub-layers in the model, as well as the embedding\nlayers, produce outputs of dimension dmodel = 512.\nDecoder: The decoder is also composed of a stack of N = 6identical layers. In addition to the two\nsub-layers in each encoder layer, the decoder inserts a third sub-layer, which performs multi-head\nattention over the output of the encoder stack.', 'Recurrent models typically factor computation along the symbol positions of the input and output\nsequences. Aligning the positions to steps in computation time, they generate a sequence of hidden\nstates ht, as a function of the previous hidden state ht−1 and the input for position t. This inherently\nsequential nature precludes parallelization within training examples, which becomes critical at longer\nsequence lengths, as memory constraints limit batching across examples.'], 'ai.observability.retrieval.query_text': 'What is multi-headed attention?'}",EventRecordType.SPAN,"{'telemetry.sdk.language': 'python', 'telemetry.sdk.name': 'opentelemetry', 'telemetry.sdk.version': '1.28.2', 'service.name': 'trulens'}",2025-02-03 11:18:41.070040,2025-02-03 11:18:41.071156,"{'trace_id': '136710738637867107403368828598128148845', 'parent_id': '10637987979675197348', 'span_id': '6868179955598764945'}"
4,"{'name': 'llama_index.core.indices.vector_store.retrievers.retriever.VectorIndexRetriever._retrieve', 'kind': 1, 'parent_span_id': '6868179955598764945', 'status': 'STATUS_CODE_UNSET'}",7031725919174282841,"{'name': 'llama_index.core.indices.vector_store.retrievers.retriever.VectorIndexRetriever._retrieve', 'ai.observability.span_type': 'retrieval', 'ai.observability.app_name': 'Simple RAG', 'ai.observability.app_version': 'v1', 'ai.observability.record_id': 'cca1c2f9-aa5e-4871-b7de-169e3cb678bc', 'ai.observability.run_name': 'test run', 'ai.observability.input_id': '42', 'ai.observability.call.return': ['Node ID: 428d9cb7-c82d-4937-9349-054b45bf399b\nText: Recent work has achieved significant improvements in\ncomputational efficiency through factorization tricks [21] and\nconditional computation [32], while also improving model performance\nin case of the latter. The fundamental constraint of sequential\ncomputation, however, remains. Attention mechanisms have become an\nintegral part of compelling seq...\nScore:  0.900\n', 'Node ID: 297adae6-f577-46c4-9847-1d4841715292\nText: To facilitate these residual connections, all sub-layers in the\nmodel, as well as the embedding layers, produce outputs of dimension\ndmodel = 512. Decoder: The decoder is also composed of a stack of N =\n6identical layers. In addition to the two sub-layers in each encoder\nlayer, the decoder inserts a third sub-layer, which performs multi-\nhead att...\nScore:  0.891\n', 'Node ID: 79d63a6c-8da2-4ec6-b9e4-82553be67668\nText: Recurrent models typically factor computation along the symbol\npositions of the input and output sequences. Aligning the positions to\nsteps in computation time, they generate a sequence of hidden states\nht, as a function of the previous hidden state ht−1 and the input for\nposition t. This inherently sequential nature precludes\nparallelization wi...\nScore:  0.880\n'], 'ai.observability.call.kwargs.query_bundle': 'What is multi-headed attention?', 'ai.observability.retrieval.retrieved_contexts': ['Recent work has achieved\nsignificant improvements in computational efficiency through factorization tricks [21] and conditional\ncomputation [32], while also improving model performance in case of the latter. The fundamental\nconstraint of sequential computation, however, remains.\nAttention mechanisms have become an integral part of compelling sequence modeling and transduc-\ntion models in various tasks, allowing modeling of dependencies without regard to their distance in\nthe input or output sequences [2, 19].', 'To facilitate these residual connections, all sub-layers in the model, as well as the embedding\nlayers, produce outputs of dimension dmodel = 512.\nDecoder: The decoder is also composed of a stack of N = 6identical layers. In addition to the two\nsub-layers in each encoder layer, the decoder inserts a third sub-layer, which performs multi-head\nattention over the output of the encoder stack.', 'Recurrent models typically factor computation along the symbol positions of the input and output\nsequences. Aligning the positions to steps in computation time, they generate a sequence of hidden\nstates ht, as a function of the previous hidden state ht−1 and the input for position t. This inherently\nsequential nature precludes parallelization within training examples, which becomes critical at longer\nsequence lengths, as memory constraints limit batching across examples.'], 'ai.observability.retrieval.query_text': 'What is multi-headed attention?'}",EventRecordType.SPAN,"{'telemetry.sdk.language': 'python', 'telemetry.sdk.name': 'opentelemetry', 'telemetry.sdk.version': '1.28.2', 'service.name': 'trulens'}",2025-02-03 11:18:41.070182,2025-02-03 11:18:41.070949,"{'trace_id': '136710738637867107403368828598128148845', 'parent_id': '6868179955598764945', 'span_id': '7031725919174282841'}"
5,"{'name': 'llama_index.core.response_synthesizers.compact_and_refine.CompactAndRefine.get_response', 'kind': 1, 'parent_span_id': '12700690198303939191', 'status': 'STATUS_CODE_UNSET'}",17463949847715665995,"{'name': 'llama_index.core.response_synthesizers.compact_and_refine.CompactAndRefine.get_response', 'ai.observability.span_type': 'unknown', 'ai.observability.app_name': 'Simple RAG', 'ai.observability.app_version': 'v1', 'ai.observability.record_id': 'cca1c2f9-aa5e-4871-b7de-169e3cb678bc', 'ai.observability.run_name': 'test run', 'ai.observability.input_id': '42', 'ai.observability.call.return': 'Context information is below.\n---------------------\npage_label: 2\nfile_path: tests/unit/data/attention_is_all_you_need.pdf\n\nRecent work has achieved\nsignificant improvements in computational efficiency through factorization tricks [21] and conditional\ncomputation [32], while also improving model performance in case of the latter. The fundamental\nconstraint of sequential computation, however, remains.\nAttention mechanisms have become an integral part of compelling sequence modeling and transduc-\ntion models in various tasks, allowing modeling of dependencies without regard to their distance in\nthe input or output sequences [2, 19].\n\npage_label: 3\nfile_path: tests/unit/data/attention_is_all_you_need.pdf\n\nTo facilitate these residual connections, all sub-layers in the model, as well as the embedding\nlayers, produce outputs of dimension dmodel = 512.\nDecoder: The decoder is also composed of a stack of N = 6identical layers. In addition to the two\nsub-layers in each encoder layer, the decoder inserts a third sub-layer, which performs multi-head\nattention over the output of the encoder stack.\n\npage_label: 2\nfile_path: tests/unit/data/attention_is_all_you_need.pdf\n\nRecurrent models typically factor computation along the symbol positions of the input and output\nsequences. Aligning the positions to steps in computation time, they generate a sequence of hidden\nstates ht, as a function of the previous hidden state ht−1 and the input for position t. This inherently\nsequential nature precludes parallelization within training examples, which becomes critical at longer\nsequence lengths, as memory constraints limit batching across examples.\n---------------------\nGiven the context information and not prior knowledge, answer the query.\nQuery: What is multi-headed attention?\nAnswer: ', 'ai.observability.call.kwargs.query_str': 'What is multi-headed attention?', 'ai.observability.call.kwargs.text_chunks': ['page_label: 2\nfile_path: tests/unit/data/attention_is_all_you_need.pdf\n\nRecent work has achieved\nsignificant improvements in computational efficiency through factorization tricks [21] and conditional\ncomputation [32], while also improving model performance in case of the latter. The fundamental\nconstraint of sequential computation, however, remains.\nAttention mechanisms have become an integral part of compelling sequence modeling and transduc-\ntion models in various tasks, allowing modeling of dependencies without regard to their distance in\nthe input or output sequences [2, 19].', 'page_label: 3\nfile_path: tests/unit/data/attention_is_all_you_need.pdf\n\nTo facilitate these residual connections, all sub-layers in the model, as well as the embedding\nlayers, produce outputs of dimension dmodel = 512.\nDecoder: The decoder is also composed of a stack of N = 6identical layers. In addition to the two\nsub-layers in each encoder layer, the decoder inserts a third sub-layer, which performs multi-head\nattention over the output of the encoder stack.', 'page_label: 2\nfile_path: tests/unit/data/attention_is_all_you_need.pdf\n\nRecurrent models typically factor computation along the symbol positions of the input and output\nsequences. Aligning the positions to steps in computation time, they generate a sequence of hidden\nstates ht, as a function of the previous hidden state ht−1 and the input for position t. This inherently\nsequential nature precludes parallelization within training examples, which becomes critical at longer\nsequence lengths, as memory constraints limit batching across examples.']}",EventRecordType.SPAN,"{'telemetry.sdk.language': 'python', 'telemetry.sdk.name': 'opentelemetry', 'telemetry.sdk.version': '1.28.2', 'service.name': 'trulens'}",2025-02-03 11:18:41.071391,2025-02-03 11:18:41.072492,"{'trace_id': '136710738637867107403368828598128148845', 'parent_id': '12700690198303939191', 'span_id': '17463949847715665995'}"
6,"{'name': 'llama_index.core.response_synthesizers.refine.Refine.get_response', 'kind': 1, 'parent_span_id': '17463949847715665995', 'status': 'STATUS_CODE_UNSET'}",10435261997302872201,"{'name': 'llama_index.core.response_synthesizers.refine.Refine.get_response', 'ai.observability.span_type': 'unknown', 'ai.observability.app_name': 'Simple RAG', 'ai.observability.app_version': 'v1', 'ai.observability.record_id': 'cca1c2f9-aa5e-4871-b7de-169e3cb678bc', 'ai.observability.run_name': 'test run', 'ai.observability.input_id': '42', 'ai.observability.call.return': 'Context information is below.\n---------------------\npage_label: 2\nfile_path: tests/unit/data/attention_is_all_you_need.pdf\n\nRecent work has achieved\nsignificant improvements in computational efficiency through factorization tricks [21] and conditional\ncomputation [32], while also improving model performance in case of the latter. The fundamental\nconstraint of sequential computation, however, remains.\nAttention mechanisms have become an integral part of compelling sequence modeling and transduc-\ntion models in various tasks, allowing modeling of dependencies without regard to their distance in\nthe input or output sequences [2, 19].\n\npage_label: 3\nfile_path: tests/unit/data/attention_is_all_you_need.pdf\n\nTo facilitate these residual connections, all sub-layers in the model, as well as the embedding\nlayers, produce outputs of dimension dmodel = 512.\nDecoder: The decoder is also composed of a stack of N = 6identical layers. In addition to the two\nsub-layers in each encoder layer, the decoder inserts a third sub-layer, which performs multi-head\nattention over the output of the encoder stack.\n\npage_label: 2\nfile_path: tests/unit/data/attention_is_all_you_need.pdf\n\nRecurrent models typically factor computation along the symbol positions of the input and output\nsequences. Aligning the positions to steps in computation time, they generate a sequence of hidden\nstates ht, as a function of the previous hidden state ht−1 and the input for position t. This inherently\nsequential nature precludes parallelization within training examples, which becomes critical at longer\nsequence lengths, as memory constraints limit batching across examples.\n---------------------\nGiven the context information and not prior knowledge, answer the query.\nQuery: What is multi-headed attention?\nAnswer: ', 'ai.observability.call.kwargs.query_str': 'What is multi-headed attention?', 'ai.observability.call.kwargs.text_chunks': ['page_label: 2\nfile_path: tests/unit/data/attention_is_all_you_need.pdf\n\nRecent work has achieved\nsignificant improvements in computational efficiency through factorization tricks [21] and conditional\ncomputation [32], while also improving model performance in case of the latter. The fundamental\nconstraint of sequential computation, however, remains.\nAttention mechanisms have become an integral part of compelling sequence modeling and transduc-\ntion models in various tasks, allowing modeling of dependencies without regard to their distance in\nthe input or output sequences [2, 19].\n\npage_label: 3\nfile_path: tests/unit/data/attention_is_all_you_need.pdf\n\nTo facilitate these residual connections, all sub-layers in the model, as well as the embedding\nlayers, produce outputs of dimension dmodel = 512.\nDecoder: The decoder is also composed of a stack of N = 6identical layers. In addition to the two\nsub-layers in each encoder layer, the decoder inserts a third sub-layer, which performs multi-head\nattention over the output of the encoder stack.\n\npage_label: 2\nfile_path: tests/unit/data/attention_is_all_you_need.pdf\n\nRecurrent models typically factor computation along the symbol positions of the input and output\nsequences. Aligning the positions to steps in computation time, they generate a sequence of hidden\nstates ht, as a function of the previous hidden state ht−1 and the input for position t. This inherently\nsequential nature precludes parallelization within training examples, which becomes critical at longer\nsequence lengths, as memory constraints limit batching across examples.']}",EventRecordType.SPAN,"{'telemetry.sdk.language': 'python', 'telemetry.sdk.name': 'opentelemetry', 'telemetry.sdk.version': '1.28.2', 'service.name': 'trulens'}",2025-02-03 11:18:41.071889,2025-02-03 11:18:41.072457,"{'trace_id': '136710738637867107403368828598128148845', 'parent_id': '17463949847715665995', 'span_id': '10435261997302872201'}"
7,"{'name': 'llama_index.core.llms.mock.MockLLM.complete', 'kind': 1, 'parent_span_id': '10435261997302872201', 'status': 'STATUS_CODE_UNSET'}",5319671786730557233,"{'name': 'llama_index.core.llms.mock.MockLLM.complete', 'ai.observability.span_type': 'unknown', 'ai.observability.app_name': 'Simple RAG', 'ai.observability.app_version': 'v1', 'ai.observability.record_id': 'cca1c2f9-aa5e-4871-b7de-169e3cb678bc', 'ai.observability.run_name': 'test run', 'ai.observability.input_id': '42', 'ai.observability.call.return': 'Context information is below.\n---------------------\npage_label: 2\nfile_path: tests/unit/data/attention_is_all_you_need.pdf\n\nRecent work has achieved\nsignificant improvements in computational efficiency through factorization tricks [21] and conditional\ncomputation [32], while also improving model performance in case of the latter. The fundamental\nconstraint of sequential computation, however, remains.\nAttention mechanisms have become an integral part of compelling sequence modeling and transduc-\ntion models in various tasks, allowing modeling of dependencies without regard to their distance in\nthe input or output sequences [2, 19].\n\npage_label: 3\nfile_path: tests/unit/data/attention_is_all_you_need.pdf\n\nTo facilitate these residual connections, all sub-layers in the model, as well as the embedding\nlayers, produce outputs of dimension dmodel = 512.\nDecoder: The decoder is also composed of a stack of N = 6identical layers. In addition to the two\nsub-layers in each encoder layer, the decoder inserts a third sub-layer, which performs multi-head\nattention over the output of the encoder stack.\n\npage_label: 2\nfile_path: tests/unit/data/attention_is_all_you_need.pdf\n\nRecurrent models typically factor computation along the symbol positions of the input and output\nsequences. Aligning the positions to steps in computation time, they generate a sequence of hidden\nstates ht, as a function of the previous hidden state ht−1 and the input for position t. This inherently\nsequential nature precludes parallelization within training examples, which becomes critical at longer\nsequence lengths, as memory constraints limit batching across examples.\n---------------------\nGiven the context information and not prior knowledge, answer the query.\nQuery: What is multi-headed attention?\nAnswer: ', 'ai.observability.call.kwargs.formatted': True, 'ai.observability.call.kwargs.args': ['Context information is below.\n---------------------\npage_label: 2\nfile_path: tests/unit/data/attention_is_all_you_need.pdf\n\nRecent work has achieved\nsignificant improvements in computational efficiency through factorization tricks [21] and conditional\ncomputation [32], while also improving model performance in case of the latter. The fundamental\nconstraint of sequential computation, however, remains.\nAttention mechanisms have become an integral part of compelling sequence modeling and transduc-\ntion models in various tasks, allowing modeling of dependencies without regard to their distance in\nthe input or output sequences [2, 19].\n\npage_label: 3\nfile_path: tests/unit/data/attention_is_all_you_need.pdf\n\nTo facilitate these residual connections, all sub-layers in the model, as well as the embedding\nlayers, produce outputs of dimension dmodel = 512.\nDecoder: The decoder is also composed of a stack of N = 6identical layers. In addition to the two\nsub-layers in each encoder layer, the decoder inserts a third sub-layer, which performs multi-head\nattention over the output of the encoder stack.\n\npage_label: 2\nfile_path: tests/unit/data/attention_is_all_you_need.pdf\n\nRecurrent models typically factor computation along the symbol positions of the input and output\nsequences. Aligning the positions to steps in computation time, they generate a sequence of hidden\nstates ht, as a function of the previous hidden state ht−1 and the input for position t. This inherently\nsequential nature precludes parallelization within training examples, which becomes critical at longer\nsequence lengths, as memory constraints limit batching across examples.\n---------------------\nGiven the context information and not prior knowledge, answer the query.\nQuery: What is multi-headed attention?\nAnswer: '], 'ai.observability.call.kwargs.kwargs': ""{'formatted': True}""}",EventRecordType.SPAN,"{'telemetry.sdk.language': 'python', 'telemetry.sdk.name': 'opentelemetry', 'telemetry.sdk.version': '1.28.2', 'service.name': 'trulens'}",2025-02-03 11:18:41.072288,2025-02-03 11:18:41.072391,"{'trace_id': '136710738637867107403368828598128148845', 'parent_id': '10435261997302872201', 'span_id': '5319671786730557233'}"
