,record,event_id,record_attributes,record_type,resource_attributes,start_timestamp,timestamp,trace
0,"{'name': 'tests.unit.test_otel_tru_graph.TestOtelTruGraph._create_functional_api_graph_app.<locals>.EssayWriter.run', 'kind': 1, 'parent_span_id': '', 'status': 'STATUS_CODE_UNSET'}",3484932376883397054,"{'ai.observability.span_type': 'record_root', 'ai.observability.app_name': 'Essay Writer', 'ai.observability.app_version': 'v1', 'ai.observability.app_id': 'app_hash_07402fbac86d16b9b9ec5a5a1045b1c9', 'ai.observability.record_id': '0a79917d-df81-46e1-bb49-fe39d42381c2', 'ai.observability.run.name': 'test run', 'ai.observability.input_id': '42', 'ai.observability.record_root.input': 'artificial intelligence', 'ai.observability.record_root.output': 'An essay about artificial intelligence', 'ai.observability.call.return': '{""essay"": ""An essay about artificial intelligence"", ""is_approved"": true}', 'ai.observability.call.function': 'tests.unit.test_otel_tru_graph.TestOtelTruGraph._create_functional_api_graph_app.<locals>.EssayWriter.run', 'ai.observability.call.kwargs.topic': 'artificial intelligence'}",EventRecordType.SPAN,"{'telemetry.sdk.language': 'python', 'telemetry.sdk.name': 'opentelemetry', 'telemetry.sdk.version': '1.29.0', 'service.name': 'trulens', 'ai.observability.app_id': 'app_hash_07402fbac86d16b9b9ec5a5a1045b1c9', 'ai.observability.app_name': 'Essay Writer', 'ai.observability.app_version': 'v1'}",2025-08-12 15:12:29.917682,2025-08-12 15:12:30.031628,"{'trace_id': '58182558129515596400612619297336966358', 'parent_id': '', 'span_id': '3484932376883397054'}"
1,"{'name': 'graph', 'kind': 1, 'parent_span_id': '3484932376883397054', 'status': 'STATUS_CODE_UNSET'}",2591128717056814098,"{'ai.observability.span_type': 'graph_node', 'ai.observability.app_name': 'Essay Writer', 'ai.observability.app_version': 'v1', 'ai.observability.app_id': 'app_hash_07402fbac86d16b9b9ec5a5a1045b1c9', 'ai.observability.record_id': '0a79917d-df81-46e1-bb49-fe39d42381c2', 'ai.observability.run.name': 'test run', 'ai.observability.input_id': '42', 'ai.observability.call.return': '{""essay"": ""An essay about artificial intelligence"", ""is_approved"": true}', 'ai.observability.call.function': 'langgraph.pregel.main.Pregel.invoke', 'ai.observability.call.kwargs.input': 'artificial intelligence', 'ai.observability.call.kwargs.config': '{""configurable"": {""thread_id"": ""2fefaf2a-7218-40d8-8081-458141300d9a""}}', 'ai.observability.graph_node.input_state': 'artificial intelligence', 'ai.observability.graph_node.output_state': '{\n  ""essay"": ""An essay about artificial intelligence"",\n  ""is_approved"": true\n}'}",EventRecordType.SPAN,"{'telemetry.sdk.language': 'python', 'telemetry.sdk.name': 'opentelemetry', 'telemetry.sdk.version': '1.29.0', 'service.name': 'trulens', 'ai.observability.app_id': 'app_hash_07402fbac86d16b9b9ec5a5a1045b1c9', 'ai.observability.app_name': 'Essay Writer', 'ai.observability.app_version': 'v1'}",2025-08-12 15:12:29.917748,2025-08-12 15:12:30.031513,"{'trace_id': '58182558129515596400612619297336966358', 'parent_id': '3484932376883397054', 'span_id': '2591128717056814098'}"
2,"{'name': 'workflow', 'kind': 1, 'parent_span_id': '2591128717056814098', 'status': 'STATUS_CODE_UNSET'}",370696269310057552,"{'ai.observability.span_type': 'graph_node', 'ai.observability.app_name': 'Essay Writer', 'ai.observability.app_version': 'v1', 'ai.observability.app_id': 'app_hash_07402fbac86d16b9b9ec5a5a1045b1c9', 'ai.observability.record_id': '0a79917d-df81-46e1-bb49-fe39d42381c2', 'ai.observability.run.name': 'test run', 'ai.observability.input_id': '42', 'ai.observability.call.return': '{""essay"": ""An essay about artificial intelligence"", ""is_approved"": true}', 'ai.observability.call.function': 'langgraph._internal._runnable.RunnableCallable.invoke', 'ai.observability.call.kwargs.input': 'artificial intelligence', 'ai.observability.call.kwargs.config': ""{'metadata': {'thread_id': '2fefaf2a-7218-40d8-8081-458141300d9a', 'langgraph_step': 0, 'langgraph_node': 'workflow', 'langgraph_triggers': ('__start__',), 'langgraph_path': ('__pregel_pull', 'workflow'), 'langgraph_checkpoint_ns': 'workflow:e47ee7a0-42e9-1697-5b76-26352ddc3dce'}, 'configurable': {'thread_id': '2fefaf2a-7218-40d8-8081-458141300d9a', '__pregel_runtime': Runtime(context=None, store=None, stream_writer=<function Pregel.stream.<locals>.stream_writer at 0x33a7bd800>, previous=None), '__pregel_resuming': False, '__pregel_task_id': 'e47ee7a0-42e9-1697-5b76-26352ddc3dce', '__pregel_send': <built-in method extend of collections.deque object at 0x33a73f6a0>, '__pregel_read': functools.partial(<function local_read at 0x32a9fc400>, PregelScratchpad(step=0, stop=25, call_counter=<langgraph.pregel._algo.LazyAtomicCounter object at 0x33a8412a0>, interrupt_counter=<langgraph.pregel._algo.LazyAtomicCounter object at 0x33a841390>, get_null_resume=<function _scratchpad.<locals>.get_null_resume at 0x33a7bf100>, resume=[], subgraph_counter=<langgraph.pregel._algo.LazyAtomicCounter object at 0x33a841270>), {'__start__': <langgraph.channels.ephemeral_value.EphemeralValue object at 0x33a84cb80>, '__end__': <langgraph.channels.last_value.LastValue object at 0x33a84ccc0>, '__previous__': <langgraph.channels.last_value.LastValue object at 0x33a84ce00>, '__pregel_tasks': <langgraph.channels.topic.Topic object at 0x33a84cdc0>}, {}, PregelTaskWrites(path=('__pregel_pull', 'workflow'), name='workflow', writes=deque([]), triggers=('__start__',))), '__pregel_checkpointer': <langgraph.checkpoint.memory.InMemorySaver object at 0x33a6a6490>, 'checkpoint_map': {'': '1f077c96-ff89-675e-bfff-ceac833fa17f'}, 'checkpoint_id': None, 'checkpoint_ns': 'workflow:e47ee7a0-42e9-1697-5b76-26352ddc3dce', '__pregel_scratchpad': PregelScratchpad(step=0, stop=25, call_counter=<langgraph.pregel._algo.LazyAtomicCounter object at 0x33a8412a0>, interrupt_counter=<langgraph.pregel._algo.LazyAtomicCounter object at 0x33a841390>, get_null_resume=<function _scratchpad.<locals>.get_null_resume at 0x33a7bf100>, resume=[], subgraph_counter=<langgraph.pregel._algo.LazyAtomicCounter object at 0x33a841270>), '__pregel_call': functools.partial(<function _call at 0x32aa2d9e0>, <weakref at 0x33a87f010; to 'PregelExecutableTask' at 0x33a797f40>, retry_policy=None, futures=<weakref at 0x33a87f060; to 'FuturesDict' at 0x33a8194f0>, schedule_task=<bound method SyncPregelLoop.accept_push of <langgraph.pregel._loop.SyncPregelLoop object at 0x33a831a50>>, submit=<weakref at 0x33a878200; to 'BackgroundExecutor' at 0x33a84c550>)}, 'callbacks': <langchain_core.callbacks.manager.CallbackManager object at 0x33a84f550>}"", 'ai.observability.graph_node.node_name': 'workflow', 'ai.observability.graph_node.input_state': 'artificial intelligence', 'ai.observability.graph_node.output_state': '{\n  ""essay"": ""An essay about artificial intelligence"",\n  ""is_approved"": true\n}'}",EventRecordType.SPAN,"{'telemetry.sdk.language': 'python', 'telemetry.sdk.name': 'opentelemetry', 'telemetry.sdk.version': '1.29.0', 'service.name': 'trulens', 'ai.observability.app_id': 'app_hash_07402fbac86d16b9b9ec5a5a1045b1c9', 'ai.observability.app_name': 'Essay Writer', 'ai.observability.app_version': 'v1'}",2025-08-12 15:12:29.921543,2025-08-12 15:12:30.029255,"{'trace_id': '58182558129515596400612619297336966358', 'parent_id': '2591128717056814098', 'span_id': '370696269310057552'}"
3,"{'name': 'write_essay', 'kind': 1, 'parent_span_id': '370696269310057552', 'status': 'STATUS_CODE_UNSET'}",2992886430396801600,"{'ai.observability.span_type': 'graph_task', 'ai.observability.app_name': 'Essay Writer', 'ai.observability.app_version': 'v1', 'ai.observability.app_id': 'app_hash_07402fbac86d16b9b9ec5a5a1045b1c9', 'ai.observability.record_id': '0a79917d-df81-46e1-bb49-fe39d42381c2', 'ai.observability.run.name': 'test run', 'ai.observability.input_id': '42', 'ai.observability.call.return': '<Future at 0x33a846450 state=pending>', 'ai.observability.call.function': 'langgraph.func._TaskFunction.__call__', 'ai.observability.call.kwargs.args': ['artificial intelligence'], 'ai.observability.graph_task.task_name': 'write_essay', 'ai.observability.graph_task.input_state': '{\n  ""topic"": ""artificial intelligence""\n}', 'ai.observability.graph_task.output_state': '<Future at 0x33a846450 state=pending>'}",EventRecordType.SPAN,"{'telemetry.sdk.language': 'python', 'telemetry.sdk.name': 'opentelemetry', 'telemetry.sdk.version': '1.29.0', 'service.name': 'trulens', 'ai.observability.app_id': 'app_hash_07402fbac86d16b9b9ec5a5a1045b1c9', 'ai.observability.app_name': 'Essay Writer', 'ai.observability.app_version': 'v1'}",2025-08-12 15:12:29.921607,2025-08-12 15:12:29.922588,"{'trace_id': '58182558129515596400612619297336966358', 'parent_id': '370696269310057552', 'span_id': '2992886430396801600'}"
4,"{'name': 'write_essay', 'kind': 1, 'parent_span_id': '2992886430396801600', 'status': 'STATUS_CODE_UNSET'}",3590574562946823851,"{'ai.observability.span_type': 'graph_node', 'ai.observability.app_name': 'Essay Writer', 'ai.observability.app_version': 'v1', 'ai.observability.app_id': 'app_hash_07402fbac86d16b9b9ec5a5a1045b1c9', 'ai.observability.record_id': '0a79917d-df81-46e1-bb49-fe39d42381c2', 'ai.observability.run.name': 'test run', 'ai.observability.input_id': '42', 'ai.observability.call.return': 'An essay about artificial intelligence', 'ai.observability.call.function': 'langgraph._internal._runnable.RunnableCallable.invoke', 'ai.observability.call.kwargs.input': '[[""artificial intelligence""], {}]', 'ai.observability.call.kwargs.config': ""{'metadata': {'thread_id': '2fefaf2a-7218-40d8-8081-458141300d9a', 'langgraph_step': 0, 'langgraph_node': 'write_essay', 'langgraph_triggers': ('__pregel_push',), 'langgraph_path': ('__pregel_push', ('__pregel_pull', 'workflow'), 0, True), 'langgraph_checkpoint_ns': 'workflow:e47ee7a0-42e9-1697-5b76-26352ddc3dce|write_essay:8eb735f4-3fa3-0390-3bda-4ac5fd809f1a'}, 'configurable': {'thread_id': '2fefaf2a-7218-40d8-8081-458141300d9a', '__pregel_runtime': Runtime(context=None, store=None, stream_writer=<function Pregel.stream.<locals>.stream_writer at 0x33a7bd800>, previous=None), '__pregel_resuming': False, '__pregel_task_id': '8eb735f4-3fa3-0390-3bda-4ac5fd809f1a', '__pregel_send': <built-in method extend of collections.deque object at 0x33a8846d0>, '__pregel_read': functools.partial(<function local_read at 0x32a9fc400>, PregelScratchpad(step=0, stop=25, call_counter=<langgraph.pregel._algo.LazyAtomicCounter object at 0x33a841480>, interrupt_counter=<langgraph.pregel._algo.LazyAtomicCounter object at 0x33a841570>, get_null_resume=<function _scratchpad.<locals>.get_null_resume at 0x33a7bfa60>, resume=[], subgraph_counter=<langgraph.pregel._algo.LazyAtomicCounter object at 0x33a8413f0>), {'__start__': <langgraph.channels.ephemeral_value.EphemeralValue object at 0x33a84cb80>, '__end__': <langgraph.channels.last_value.LastValue object at 0x33a84ccc0>, '__previous__': <langgraph.channels.last_value.LastValue object at 0x33a84ce00>, '__pregel_tasks': <langgraph.channels.topic.Topic object at 0x33a84cdc0>}, {}, PregelTaskWrites(path=('__pregel_push', ('__pregel_pull', 'workflow'), 0, True), name='write_essay', writes=deque([]), triggers=('__pregel_push',))), '__pregel_checkpointer': <langgraph.checkpoint.memory.InMemorySaver object at 0x33a6a6490>, 'checkpoint_map': {'': '1f077c96-ff89-675e-bfff-ceac833fa17f', 'workflow:e47ee7a0-42e9-1697-5b76-26352ddc3dce': '1f077c96-ff89-675e-bfff-ceac833fa17f'}, 'checkpoint_id': None, 'checkpoint_ns': 'workflow:e47ee7a0-42e9-1697-5b76-26352ddc3dce|write_essay:8eb735f4-3fa3-0390-3bda-4ac5fd809f1a', '__pregel_scratchpad': PregelScratchpad(step=0, stop=25, call_counter=<langgraph.pregel._algo.LazyAtomicCounter object at 0x33a841480>, interrupt_counter=<langgraph.pregel._algo.LazyAtomicCounter object at 0x33a841570>, get_null_resume=<function _scratchpad.<locals>.get_null_resume at 0x33a7bfa60>, resume=[], subgraph_counter=<langgraph.pregel._algo.LazyAtomicCounter object at 0x33a8413f0>), '__pregel_call': functools.partial(<function _call at 0x32aa2d9e0>, <weakref at 0x33a87ff10; to 'PregelExecutableTask' at 0x33a797d00>, futures=<weakref at 0x33a87f060; to 'FuturesDict' at 0x33a8194f0>, retry_policy=(), callbacks=<langchain_core.callbacks.manager.CallbackManager object at 0x33a84f550>, schedule_task=<bound method SyncPregelLoop.accept_push of <langgraph.pregel._loop.SyncPregelLoop object at 0x33a831a50>>, submit=<weakref at 0x33a878200; to 'BackgroundExecutor' at 0x33a84c550>)}, 'callbacks': <langchain_core.callbacks.manager.CallbackManager object at 0x33a845d10>}"", 'ai.observability.graph_node.node_name': 'write_essay', 'ai.observability.graph_node.input_state': ""(('artificial intelligence',), {})"", 'ai.observability.graph_node.output_state': 'An essay about artificial intelligence'}",EventRecordType.SPAN,"{'telemetry.sdk.language': 'python', 'telemetry.sdk.name': 'opentelemetry', 'telemetry.sdk.version': '1.29.0', 'service.name': 'trulens', 'ai.observability.app_id': 'app_hash_07402fbac86d16b9b9ec5a5a1045b1c9', 'ai.observability.app_name': 'Essay Writer', 'ai.observability.app_version': 'v1'}",2025-08-12 15:12:29.922438,2025-08-12 15:12:30.027759,"{'trace_id': '58182558129515596400612619297336966358', 'parent_id': '2992886430396801600', 'span_id': '3590574562946823851'}"
