,record,event_id,record_attributes,record_type,resource_attributes,start_timestamp,timestamp,trace
0,"{'name': 'langgraph.pregel.main.Pregel.invoke', 'kind': 1, 'parent_span_id': '', 'status': 'STATUS_CODE_UNSET'}",11415923357003422197,"{'ai.observability.span_type': 'record_root', 'ai.observability.app_name': 'Simple Multi-Agent', 'ai.observability.app_version': 'v1', 'ai.observability.app_id': 'app_hash_cc2886ee33cf07466f82004a47e94e19', 'ai.observability.record_id': '9da8cd3d-8bbf-459a-99b0-7351827cba9a', 'ai.observability.run.name': 'test run', 'ai.observability.input_id': '42', 'ai.observability.record_root.input': 'What is AI?', 'ai.observability.record_root.output': 'Article based on: Research findings for: What is AI?', 'ai.observability.call.return': ""{'messages': [HumanMessage(content='What is AI?', additional_kwargs={}, response_metadata={}, id='1'), AIMessage(content='Research findings for: What is AI?', additional_kwargs={}, response_metadata={}, id='2'), AIMessage(content='Article based on: Research findings for: What is AI?', additional_kwargs={}, response_metadata={}, id='3')]}"", 'ai.observability.call.function': 'langgraph.pregel.main.Pregel.invoke', 'ai.observability.call.kwargs.input': ""{'messages': [HumanMessage(content='What is AI?', additional_kwargs={}, response_metadata={}, id='1')]}"", 'ai.observability.graph_node.input_state': ""{'messages': [HumanMessage(content='What is AI?', additional_kwargs={}, response_metadata={}, id='1')]}"", 'ai.observability.graph_node.output_state': ""{'messages': [HumanMessage(content='What is AI?', additional_kwargs={}, response_metadata={}, id='1'), AIMessage(content='Research findings for: What is AI?', additional_kwargs={}, response_metadata={}, id='2'), AIMessage(content='Article based on: Research findings for: What is AI?', additional_kwargs={}, response_metadata={}, id='3')]}""}",EventRecordType.SPAN,"{'telemetry.sdk.language': 'python', 'telemetry.sdk.name': 'opentelemetry', 'telemetry.sdk.version': '1.35.0', 'service.name': 'trulens', 'ai.observability.app_id': 'app_hash_cc2886ee33cf07466f82004a47e94e19', 'ai.observability.app_name': 'Simple Multi-Agent', 'ai.observability.app_version': 'v1'}",2025-07-21 16:32:21.241732,2025-07-21 16:32:21.243349,"{'trace_id': '296841221332823461186554324362440303227', 'parent_id': '', 'span_id': '11415923357003422197'}"
1,"{'name': 'langgraph.pregel.main.Pregel.stream', 'kind': 1, 'parent_span_id': '11415923357003422197', 'status': 'STATUS_CODE_UNSET'}",825980177212158069,"{'ai.observability.span_type': 'graph_node', 'ai.observability.app_name': 'Simple Multi-Agent', 'ai.observability.app_version': 'v1', 'ai.observability.app_id': 'app_hash_cc2886ee33cf07466f82004a47e94e19', 'ai.observability.record_id': '9da8cd3d-8bbf-459a-99b0-7351827cba9a', 'ai.observability.run.name': 'test run', 'ai.observability.input_id': '42', 'ai.observability.call.return': [""('values', {'messages': [HumanMessage(content='What is AI?', additional_kwargs={}, response_metadata={}, id='1')]})"", ""('updates', {'researcher': {'messages': [AIMessage(content='Research findings for: What is AI?', additional_kwargs={}, response_metadata={}, id='2')]}})"", ""('values', {'messages': [HumanMessage(content='What is AI?', additional_kwargs={}, response_metadata={}, id='1'), AIMessage(content='Research findings for: What is AI?', additional_kwargs={}, response_metadata={}, id='2')]})"", ""('updates', {'writer': {'messages': [AIMessage(content='Article based on: Research findings for: What is AI?', additional_kwargs={}, response_metadata={}, id='3')]}})"", ""('values', {'messages': [HumanMessage(content='What is AI?', additional_kwargs={}, response_metadata={}, id='1'), AIMessage(content='Research findings for: What is AI?', additional_kwargs={}, response_metadata={}, id='2'), AIMessage(content='Article based on: Research findings for: What is AI?', additional_kwargs={}, response_metadata={}, id='3')]})""], 'ai.observability.call.function': 'langgraph.pregel.main.Pregel.stream', 'ai.observability.call.kwargs.stream_mode': ['updates', 'values'], 'ai.observability.call.kwargs.print_mode': [], 'ai.observability.call.kwargs.output_keys': ['messages'], 'ai.observability.call.kwargs.input': ""{'messages': [HumanMessage(content='What is AI?', additional_kwargs={}, response_metadata={}, id='1')]}"", 'ai.observability.graph_node.input_state': ""{'messages': [HumanMessage(content='What is AI?', additional_kwargs={}, response_metadata={}, id='1')]}"", 'ai.observability.graph_node.output_state': ""[('values', {'messages': [HumanMessage(content='What is AI?', additional_kwargs={}, response_metadata={}, id='1')]}), ('updates', {'researcher': {'messages': [AIMessage(content='Research findings for: What is AI?', additional_kwargs={}, response_metadata={}, id='2')]}}), ('values', {'messages': [HumanMessage(content='What is AI?', additional_kwargs={}, response_metadata={}, id='1'), AIMessage(content='Research findings for: What is AI?', additional_kwargs={}, response_metadata={}, id='2')]}), ('updates', {'writer': {'messages': [AIMessage(content='Article based on: Research findings for: What is AI?', additional_kwargs={}, response_metadata={}, id='3')]}}), ('values', {'messages': [HumanMessage(content='What is AI?', additional_kwargs={}, response_metadata={}, id='1'), AIMessage(content='Research findings for: What is AI?', additional_kwargs={}, response_metadata={}, id='2'), AIMessage(content='Article based on: Research findings for: What is AI?', additional_kwargs={}, response_metadata={}, id='3')]})]""}",EventRecordType.SPAN,"{'telemetry.sdk.language': 'python', 'telemetry.sdk.name': 'opentelemetry', 'telemetry.sdk.version': '1.35.0', 'service.name': 'trulens', 'ai.observability.app_id': 'app_hash_cc2886ee33cf07466f82004a47e94e19', 'ai.observability.app_name': 'Simple Multi-Agent', 'ai.observability.app_version': 'v1'}",2025-07-21 16:32:21.241855,2025-07-21 16:32:21.243187,"{'trace_id': '296841221332823461186554324362440303227', 'parent_id': '11415923357003422197', 'span_id': '825980177212158069'}"
2,"{'name': 'tests.unit.test_otel_tru_graph.TestOtelTruGraph._create_simple_multi_agent.<locals>.research_agent', 'kind': 1, 'parent_span_id': '825980177212158069', 'status': 'STATUS_CODE_UNSET'}",13169692866793386738,"{'ai.observability.span_type': 'unknown', 'ai.observability.app_name': 'Simple Multi-Agent', 'ai.observability.app_version': 'v1', 'ai.observability.app_id': 'app_hash_cc2886ee33cf07466f82004a47e94e19', 'ai.observability.record_id': '9da8cd3d-8bbf-459a-99b0-7351827cba9a', 'ai.observability.run.name': 'test run', 'ai.observability.input_id': '42', 'ai.observability.call.return': ""{'messages': [AIMessage(content='Research findings for: What is AI?', additional_kwargs={}, response_metadata={}, id='2')]}"", 'ai.observability.call.function': 'tests.unit.test_otel_tru_graph.TestOtelTruGraph._create_simple_multi_agent.<locals>.research_agent', 'ai.observability.call.kwargs.state': ""{'messages': [HumanMessage(content='What is AI?', additional_kwargs={}, response_metadata={}, id='1')]}"", 'ai.observability.unknown.agent_type': 'research_agent'}",EventRecordType.SPAN,"{'telemetry.sdk.language': 'python', 'telemetry.sdk.name': 'opentelemetry', 'telemetry.sdk.version': '1.35.0', 'service.name': 'trulens', 'ai.observability.app_id': 'app_hash_cc2886ee33cf07466f82004a47e94e19', 'ai.observability.app_name': 'Simple Multi-Agent', 'ai.observability.app_version': 'v1'}",2025-07-21 16:32:21.242267,2025-07-21 16:32:21.242456,"{'trace_id': '296841221332823461186554324362440303227', 'parent_id': '825980177212158069', 'span_id': '13169692866793386738'}"
3,"{'name': 'tests.unit.test_otel_tru_graph.TestOtelTruGraph._create_simple_multi_agent.<locals>.writer_agent', 'kind': 1, 'parent_span_id': '825980177212158069', 'status': 'STATUS_CODE_UNSET'}",17550872847401748728,"{'ai.observability.span_type': 'unknown', 'ai.observability.app_name': 'Simple Multi-Agent', 'ai.observability.app_version': 'v1', 'ai.observability.app_id': 'app_hash_cc2886ee33cf07466f82004a47e94e19', 'ai.observability.record_id': '9da8cd3d-8bbf-459a-99b0-7351827cba9a', 'ai.observability.run.name': 'test run', 'ai.observability.input_id': '42', 'ai.observability.call.return': ""{'messages': [AIMessage(content='Article based on: Research findings for: What is AI?', additional_kwargs={}, response_metadata={}, id='3')]}"", 'ai.observability.call.function': 'tests.unit.test_otel_tru_graph.TestOtelTruGraph._create_simple_multi_agent.<locals>.writer_agent', 'ai.observability.call.kwargs.state': ""{'messages': [HumanMessage(content='What is AI?', additional_kwargs={}, response_metadata={}, id='1'), AIMessage(content='Research findings for: What is AI?', additional_kwargs={}, response_metadata={}, id='2')]}"", 'ai.observability.unknown.agent_type': 'writer_agent'}",EventRecordType.SPAN,"{'telemetry.sdk.language': 'python', 'telemetry.sdk.name': 'opentelemetry', 'telemetry.sdk.version': '1.35.0', 'service.name': 'trulens', 'ai.observability.app_id': 'app_hash_cc2886ee33cf07466f82004a47e94e19', 'ai.observability.app_name': 'Simple Multi-Agent', 'ai.observability.app_version': 'v1'}",2025-07-21 16:32:21.242595,2025-07-21 16:32:21.242751,"{'trace_id': '296841221332823461186554324362440303227', 'parent_id': '825980177212158069', 'span_id': '17550872847401748728'}"
