,record,event_id,record_attributes,record_type,resource_attributes,start_timestamp,timestamp,trace
0,"{'name': 'respond_to_query', 'kind': 'SPAN_KIND_TRULENS', 'parent_span_id': '', 'status': 'STATUS_CODE_UNSET'}",7870250274962447839,{},EventRecordType.SPAN,"{'telemetry.sdk.language': 'python', 'telemetry.sdk.name': 'opentelemetry', 'telemetry.sdk.version': '1.28.2', 'service.name': 'trulens'}",2024-12-22 11:20:26.387607,2024-12-22 11:20:26.392174,"{'trace_id': '113376089399064103615948241236196474059', 'parent_id': '', 'span_id': '7870250274962447839'}"
1,"{'name': 'nested', 'kind': 'SPAN_KIND_TRULENS', 'parent_span_id': '7870250274962447839', 'status': 'STATUS_CODE_UNSET'}",8819384298151247754,{'trulens.nested_attr1': 'value1'},EventRecordType.SPAN,"{'telemetry.sdk.language': 'python', 'telemetry.sdk.name': 'opentelemetry', 'telemetry.sdk.version': '1.28.2', 'service.name': 'trulens'}",2024-12-22 11:20:26.387652,2024-12-22 11:20:26.391272,"{'trace_id': '113376089399064103615948241236196474059', 'parent_id': '7870250274962447839', 'span_id': '8819384298151247754'}"
2,"{'name': 'nested2', 'kind': 'SPAN_KIND_TRULENS', 'parent_span_id': '8819384298151247754', 'status': 'STATUS_CODE_UNSET'}",2622992513876904334,"{'trulens.nested2_ret': 'nested2: nested3', 'trulens.nested2_args[1]': 'test'}",EventRecordType.SPAN,"{'telemetry.sdk.language': 'python', 'telemetry.sdk.name': 'opentelemetry', 'telemetry.sdk.version': '1.28.2', 'service.name': 'trulens'}",2024-12-22 11:20:26.387679,2024-12-22 11:20:26.389939,"{'trace_id': '113376089399064103615948241236196474059', 'parent_id': '8819384298151247754', 'span_id': '2622992513876904334'}"
3,"{'name': 'nested3', 'kind': 'SPAN_KIND_TRULENS', 'parent_span_id': '2622992513876904334', 'status': 'STATUS_CODE_UNSET'}",11864485227397090485,"{'trulens.nested3_ret': 'nested3', 'trulens.special.nested3_ret': 'nested3', 'trulens.selector_name': 'special', 'trulens.cows': 'moo', 'trulens.special.cows': 'moo'}",EventRecordType.SPAN,"{'telemetry.sdk.language': 'python', 'telemetry.sdk.name': 'opentelemetry', 'telemetry.sdk.version': '1.28.2', 'service.name': 'trulens'}",2024-12-22 11:20:26.387705,2024-12-22 11:20:26.387762,"{'trace_id': '113376089399064103615948241236196474059', 'parent_id': '2622992513876904334', 'span_id': '11864485227397090485'}"
4,"{'name': 'respond_to_query', 'kind': 'SPAN_KIND_TRULENS', 'parent_span_id': '', 'status': 'STATUS_CODE_UNSET'}",10786111609955477438,{},EventRecordType.SPAN,"{'telemetry.sdk.language': 'python', 'telemetry.sdk.name': 'opentelemetry', 'telemetry.sdk.version': '1.28.2', 'service.name': 'trulens'}",2024-12-22 11:20:26.393563,2024-12-22 11:20:26.397446,"{'trace_id': '214293944471171141309178747794638512671', 'parent_id': '', 'span_id': '10786111609955477438'}"
5,"{'name': 'nested', 'kind': 'SPAN_KIND_TRULENS', 'parent_span_id': '10786111609955477438', 'status': 'STATUS_CODE_UNSET'}",7881765616183808794,{'trulens.nested_attr1': 'value1'},EventRecordType.SPAN,"{'telemetry.sdk.language': 'python', 'telemetry.sdk.name': 'opentelemetry', 'telemetry.sdk.version': '1.28.2', 'service.name': 'trulens'}",2024-12-22 11:20:26.393586,2024-12-22 11:20:26.396613,"{'trace_id': '214293944471171141309178747794638512671', 'parent_id': '10786111609955477438', 'span_id': '7881765616183808794'}"
6,"{'name': 'nested2', 'kind': 'SPAN_KIND_TRULENS', 'parent_span_id': '7881765616183808794', 'status': 'STATUS_CODE_UNSET'}",4318803655649897130,"{'trulens.nested2_ret': 'nested2: ', 'trulens.nested2_args[1]': 'throw'}",EventRecordType.SPAN,"{'telemetry.sdk.language': 'python', 'telemetry.sdk.name': 'opentelemetry', 'telemetry.sdk.version': '1.28.2', 'service.name': 'trulens'}",2024-12-22 11:20:26.393603,2024-12-22 11:20:26.395227,"{'trace_id': '214293944471171141309178747794638512671', 'parent_id': '7881765616183808794', 'span_id': '4318803655649897130'}"
7,"{'name': 'nested3', 'kind': 'SPAN_KIND_TRULENS', 'parent_span_id': '4318803655649897130', 'status': 'STATUS_CODE_ERROR'}",11457830288984624191,"{'trulens.nested3_ex': ['nested3 exception'], 'trulens.special.nested3_ex': ['nested3 exception'], 'trulens.selector_name': 'special', 'trulens.cows': 'moo', 'trulens.special.cows': 'moo'}",EventRecordType.SPAN,"{'telemetry.sdk.language': 'python', 'telemetry.sdk.name': 'opentelemetry', 'telemetry.sdk.version': '1.28.2', 'service.name': 'trulens'}",2024-12-22 11:20:26.393630,2024-12-22 11:20:26.394348,"{'trace_id': '214293944471171141309178747794638512671', 'parent_id': '4318803655649897130', 'span_id': '11457830288984624191'}"
