,record,event_id,record_attributes,record_type,resource_attributes,start_timestamp,timestamp,trace
0,"{'name': 'root', 'kind': 1, 'parent_span_id': '', 'status': 'STATUS_CODE_UNSET'}",5239894954620757577,"{'name': 'root', 'ai.observability.span_type': 'record_root', 'ai.observability.domain': 'module', 'ai.observability.app_name': 'default_app', 'ai.observability.app_version': 'base', 'ai.observability.record_id': 'fc988aaa-4f64-433e-8b76-fa8d6a004732', 'ai.observability.run_name': 'test run', 'ai.observability.input_id': '42', 'ai.observability.record_root.app_name': 'default_app', 'ai.observability.record_root.app_version': 'base', 'ai.observability.record_root.record_id': 'fc988aaa-4f64-433e-8b76-fa8d6a004732'}",EventRecordType.SPAN,"{'telemetry.sdk.language': 'python', 'telemetry.sdk.name': 'opentelemetry', 'telemetry.sdk.version': '1.28.2', 'service.name': 'trulens'}",2025-02-03 18:21:06.614575,2025-02-03 18:21:06.614655,"{'trace_id': '332683959939756434076676923825273856804', 'parent_id': '', 'span_id': '5239894954620757577'}"
1,"{'name': 'trulens.apps.basic.TruWrapperApp._call', 'kind': 1, 'parent_span_id': '5239894954620757577', 'status': 'STATUS_CODE_UNSET'}",17133988341863846991,"{'name': 'trulens.apps.basic.TruWrapperApp._call', 'ai.observability.span_type': 'unknown', 'ai.observability.domain': 'module', 'ai.observability.app_name': 'default_app', 'ai.observability.app_version': 'base', 'ai.observability.record_id': 'fc988aaa-4f64-433e-8b76-fa8d6a004732', 'ai.observability.run_name': 'test run', 'ai.observability.input_id': '42', 'ai.observability.call.return': 'Hi, Kojikun!', 'ai.observability.call.kwargs.args': ['Kojikun']}",EventRecordType.SPAN,"{'telemetry.sdk.language': 'python', 'telemetry.sdk.name': 'opentelemetry', 'telemetry.sdk.version': '1.28.2', 'service.name': 'trulens'}",2025-02-03 18:21:06.614608,2025-02-03 18:21:06.614642,"{'trace_id': '332683959939756434076676923825273856804', 'parent_id': '5239894954620757577', 'span_id': '17133988341863846991'}"
