{
  "calls": [
    {
      "args": {
        "context": "\nFirst an integer: 2 . Also, this is my response to a prompt of length\n263 with a model derp with temperature 0.5. Also, here is\nan integer in case this is being used as a score: 2\n",
        "question": "hello"
      },
      "meta": {},
      "ret": 0.0
    }
  ],
  "cost": {
    "cost": 0.0,
    "cost_currency": "USD",
    "n_classes": 0,
    "n_classification_requests": 0,
    "n_completion_requests": 0,
    "n_completion_tokens": 0,
    "n_cortex_guardrails_tokens": 0,
    "n_embedding_requests": 0,
    "n_embeddings": 0,
    "n_prompt_tokens": 0,
    "n_requests": 0,
    "n_stream_chunks": 0,
    "n_successful_requests": 0,
    "n_tokens": 0
  },
  "error": null,
  "feedback_definition_id": "feedback_definition_hash_a66c23cfbea2ec277303b0817bddcb2f",
  "feedback_result_id": "feedback_result_hash_e2f6671c51e49909d16b9d579cea5765",
  "last_ts": "2024-09-09T17:25:24.088240",
  "multi_result": "null",
  "name": "context_relevance",
  "record_id": "record_hash_a495a02287accac918c4f4245adcdace",
  "result": 0.0,
  "status": "done"
}
