{
  "app_id": "app_hash_f23a545202d08b8ef32f8d992cf79e7e",
  "calls": [
    {
      "args": {
        "data": "hello"
      },
      "call_id": "3f37045d-16a2-4a87-ac9e-3a191d9bad5c",
      "error": null,
      "perf": {
        "end_time": "2024-09-25T13:28:17.689496",
        "start_time": "2024-09-25T13:28:17.689277"
      },
      "pid": 31765,
      "rets": "Record placeholder",
      "stack": [
        {
          "method": {
            "name": "respond_to_query",
            "obj": {
              "cls": {
                "bases": null,
                "module": {
                  "module_name": "examples.dev.dummy_app.app",
                  "package_name": "examples.dev.dummy_app"
                },
                "name": "DummyApp"
              },
              "id": 14215594704,
              "init_bindings": null
            }
          },
          "path": "app"
        },
        {
          "method": {
            "name": "invoke",
            "obj": {
              "cls": {
                "bases": null,
                "module": {
                  "module_name": "examples.dev.dummy_app.agent",
                  "package_name": "examples.dev.dummy_app"
                },
                "name": "DummyAgent"
              },
              "id": 14215822288,
              "init_bindings": null
            }
          },
          "path": "app.agents[0]"
        }
      ],
      "tid": 14716574
    },
    {
      "args": {
        "data": "hello"
      },
      "call_id": "0400df4d-7457-4ca7-a4bf-00fa40cff7e6",
      "error": null,
      "perf": {
        "end_time": "2024-09-25T13:28:17.689888",
        "start_time": "2024-09-25T13:28:17.689815"
      },
      "pid": 31765,
      "rets": "Record placeholder",
      "stack": [
        {
          "method": {
            "name": "respond_to_query",
            "obj": {
              "cls": {
                "bases": null,
                "module": {
                  "module_name": "examples.dev.dummy_app.app",
                  "package_name": "examples.dev.dummy_app"
                },
                "name": "DummyApp"
              },
              "id": 14215594704,
              "init_bindings": null
            }
          },
          "path": "app"
        },
        {
          "method": {
            "name": "invoke",
            "obj": {
              "cls": {
                "bases": null,
                "module": {
                  "module_name": "examples.dev.dummy_app.agent",
                  "package_name": "examples.dev.dummy_app"
                },
                "name": "DummyAgent"
              },
              "id": 14215972368,
              "init_bindings": null
            }
          },
          "path": "app.agents[1]"
        }
      ],
      "tid": 14716574
    },
    {
      "args": {
        "data": "hello"
      },
      "call_id": "0cf0bda0-2434-4dab-9ff2-40c98add0906",
      "error": null,
      "perf": {
        "end_time": "2024-09-25T13:28:17.690078",
        "start_time": "2024-09-25T13:28:17.690002"
      },
      "pid": 31765,
      "rets": [
        "Relevant chunk: HELLO",
        "Relevant chunk: olleholleholleh"
      ],
      "stack": [
        {
          "method": {
            "name": "respond_to_query",
            "obj": {
              "cls": {
                "bases": null,
                "module": {
                  "module_name": "examples.dev.dummy_app.app",
                  "package_name": "examples.dev.dummy_app"
                },
                "name": "DummyApp"
              },
              "id": 14215594704,
              "init_bindings": null
            }
          },
          "path": "app"
        },
        {
          "method": {
            "name": "get_context",
            "obj": {
              "cls": {
                "bases": null,
                "module": {
                  "module_name": "examples.dev.dummy_app.app",
                  "package_name": "examples.dev.dummy_app"
                },
                "name": "DummyApp"
              },
              "id": 14215594704,
              "init_bindings": null
            }
          },
          "path": "app"
        },
        {
          "method": {
            "name": "retrieve_chunks",
            "obj": {
              "cls": {
                "bases": null,
                "module": {
                  "module_name": "examples.dev.dummy_app.retriever",
                  "package_name": "examples.dev.dummy_app"
                },
                "name": "DummyRetriever"
              },
              "id": 14215807824,
              "init_bindings": null
            }
          },
          "path": "app.retriever"
        }
      ],
      "tid": 14716574
    },
    {
      "args": {
        "chunk_scores": null,
        "chunks": [
          "Relevant chunk: HELLO",
          "Relevant chunk: olleholleholleh"
        ],
        "query_text": "hello"
      },
      "call_id": "dbe2bb53-6885-4d15-9f8b-77f5205f81a6",
      "error": null,
      "perf": {
        "end_time": "2024-09-25T13:28:17.690225",
        "start_time": "2024-09-25T13:28:17.690135"
      },
      "pid": 31765,
      "rets": [
        [
          "Relevant chunk: HELLO",
          16.0
        ],
        [
          "Relevant chunk: olleholleholleh",
          26.0
        ]
      ],
      "stack": [
        {
          "method": {
            "name": "respond_to_query",
            "obj": {
              "cls": {
                "bases": null,
                "module": {
                  "module_name": "examples.dev.dummy_app.app",
                  "package_name": "examples.dev.dummy_app"
                },
                "name": "DummyApp"
              },
              "id": 14215594704,
              "init_bindings": null
            }
          },
          "path": "app"
        },
        {
          "method": {
            "name": "get_context",
            "obj": {
              "cls": {
                "bases": null,
                "module": {
                  "module_name": "examples.dev.dummy_app.app",
                  "package_name": "examples.dev.dummy_app"
                },
                "name": "DummyApp"
              },
              "id": 14215594704,
              "init_bindings": null
            }
          },
          "path": "app"
        },
        {
          "method": {
            "name": "rerank",
            "obj": {
              "cls": {
                "bases": null,
                "module": {
                  "module_name": "examples.dev.dummy_app.reranker",
                  "package_name": "examples.dev.dummy_app"
                },
                "name": "DummyReranker"
              },
              "id": 14215972624,
              "init_bindings": null
            }
          },
          "path": "app.reranker"
        }
      ],
      "tid": 14716574
    },
    {
      "args": {
        "data": "Relevant chunk: HELLO"
      },
      "call_id": "02cc992b-b1ee-44b5-a277-a9beeaf04c71",
      "error": null,
      "perf": {
        "end_time": "2024-09-25T13:28:17.692100",
        "start_time": "2024-09-25T13:28:17.690376"
      },
      "pid": 31765,
      "rets": "<table>\n\n            <tr>\n                <td>examples.dev.dummy_app.tool</td>\n                <td>save_stack</td>\n            </tr>\n            \n            <tr>\n                <td>examples.dev.dummy_app.tool</td>\n                <td>invoke</td>\n            </tr>\n            \n            <tr>\n                <td>examples.dev.dummy_app.app</td>\n                <td>process_chunk_by_tool</td>\n            </tr>\n            \n            <tr>\n                <td>examples.dev.dummy_app.app</td>\n                <td><genexpr></td>\n            </tr>\n            \n            <tr>\n                <td>examples.dev.dummy_app.app</td>\n                <td>get_context</td>\n            </tr>\n            \n            <tr>\n                <td>examples.dev.dummy_app.app</td>\n                <td>respond_to_query</td>\n            </tr>\n            </table>\n",
      "stack": [
        {
          "method": {
            "name": "respond_to_query",
            "obj": {
              "cls": {
                "bases": null,
                "module": {
                  "module_name": "examples.dev.dummy_app.app",
                  "package_name": "examples.dev.dummy_app"
                },
                "name": "DummyApp"
              },
              "id": 14215594704,
              "init_bindings": null
            }
          },
          "path": "app"
        },
        {
          "method": {
            "name": "get_context",
            "obj": {
              "cls": {
                "bases": null,
                "module": {
                  "module_name": "examples.dev.dummy_app.app",
                  "package_name": "examples.dev.dummy_app"
                },
                "name": "DummyApp"
              },
              "id": 14215594704,
              "init_bindings": null
            }
          },
          "path": "app"
        },
        {
          "method": {
            "name": "process_chunk_by_tool",
            "obj": {
              "cls": {
                "bases": null,
                "module": {
                  "module_name": "examples.dev.dummy_app.app",
                  "package_name": "examples.dev.dummy_app"
                },
                "name": "DummyApp"
              },
              "id": 14215594704,
              "init_bindings": null
            }
          },
          "path": "app"
        },
        {
          "method": {
            "name": "invoke",
            "obj": {
              "cls": {
                "bases": null,
                "module": {
                  "module_name": "examples.dev.dummy_app.tool",
                  "package_name": "examples.dev.dummy_app"
                },
                "name": "DummyStackTool"
              },
              "id": 14215808784,
              "init_bindings": null
            }
          },
          "path": "app.tools[0]"
        }
      ],
      "tid": 14716574
    },
    {
      "args": {
        "chunk_and_score": [
          "Relevant chunk: HELLO",
          16.0
        ],
        "tool_num": 0
      },
      "call_id": "80012021-2501-450e-9eb0-e625e5113eda",
      "error": null,
      "perf": {
        "end_time": "2024-09-25T13:28:17.692153",
        "start_time": "2024-09-25T13:28:17.690299"
      },
      "pid": 31765,
      "rets": "<table>\n\n            <tr>\n                <td>examples.dev.dummy_app.tool</td>\n                <td>save_stack</td>\n            </tr>\n            \n            <tr>\n                <td>examples.dev.dummy_app.tool</td>\n                <td>invoke</td>\n            </tr>\n            \n            <tr>\n                <td>examples.dev.dummy_app.app</td>\n                <td>process_chunk_by_tool</td>\n            </tr>\n            \n            <tr>\n                <td>examples.dev.dummy_app.app</td>\n                <td><genexpr></td>\n            </tr>\n            \n            <tr>\n                <td>examples.dev.dummy_app.app</td>\n                <td>get_context</td>\n            </tr>\n            \n            <tr>\n                <td>examples.dev.dummy_app.app</td>\n                <td>respond_to_query</td>\n            </tr>\n            </table>\n",
      "stack": [
        {
          "method": {
            "name": "respond_to_query",
            "obj": {
              "cls": {
                "bases": null,
                "module": {
                  "module_name": "examples.dev.dummy_app.app",
                  "package_name": "examples.dev.dummy_app"
                },
                "name": "DummyApp"
              },
              "id": 14215594704,
              "init_bindings": null
            }
          },
          "path": "app"
        },
        {
          "method": {
            "name": "get_context",
            "obj": {
              "cls": {
                "bases": null,
                "module": {
                  "module_name": "examples.dev.dummy_app.app",
                  "package_name": "examples.dev.dummy_app"
                },
                "name": "DummyApp"
              },
              "id": 14215594704,
              "init_bindings": null
            }
          },
          "path": "app"
        },
        {
          "method": {
            "name": "process_chunk_by_tool",
            "obj": {
              "cls": {
                "bases": null,
                "module": {
                  "module_name": "examples.dev.dummy_app.app",
                  "package_name": "examples.dev.dummy_app"
                },
                "name": "DummyApp"
              },
              "id": 14215594704,
              "init_bindings": null
            }
          },
          "path": "app"
        }
      ],
      "tid": 14716574
    },
    {
      "args": {
        "data": "Relevant chunk: olleholleholleh"
      },
      "call_id": "e32ba2b9-795f-4094-8428-d17ce56b79fd",
      "error": null,
      "perf": {
        "end_time": "2024-09-25T13:28:17.692322",
        "start_time": "2024-09-25T13:28:17.692261"
      },
      "pid": 31765,
      "rets": "Relevant chunk: olleholleholleh",
      "stack": [
        {
          "method": {
            "name": "respond_to_query",
            "obj": {
              "cls": {
                "bases": null,
                "module": {
                  "module_name": "examples.dev.dummy_app.app",
                  "package_name": "examples.dev.dummy_app"
                },
                "name": "DummyApp"
              },
              "id": 14215594704,
              "init_bindings": null
            }
          },
          "path": "app"
        },
        {
          "method": {
            "name": "get_context",
            "obj": {
              "cls": {
                "bases": null,
                "module": {
                  "module_name": "examples.dev.dummy_app.app",
                  "package_name": "examples.dev.dummy_app"
                },
                "name": "DummyApp"
              },
              "id": 14215594704,
              "init_bindings": null
            }
          },
          "path": "app"
        },
        {
          "method": {
            "name": "process_chunk_by_tool",
            "obj": {
              "cls": {
                "bases": null,
                "module": {
                  "module_name": "examples.dev.dummy_app.app",
                  "package_name": "examples.dev.dummy_app"
                },
                "name": "DummyApp"
              },
              "id": 14215594704,
              "init_bindings": null
            }
          },
          "path": "app"
        },
        {
          "method": {
            "name": "invoke",
            "obj": {
              "cls": {
                "bases": null,
                "module": {
                  "module_name": "examples.dev.dummy_app.tool",
                  "package_name": "examples.dev.dummy_app"
                },
                "name": "DummyTool"
              },
              "id": 14215819344,
              "init_bindings": null
            }
          },
          "path": "app.tools[1]"
        }
      ],
      "tid": 14716574
    },
    {
      "args": {
        "chunk_and_score": [
          "Relevant chunk: olleholleholleh",
          26.0
        ],
        "tool_num": 1
      },
      "call_id": "0b633c29-ce43-4dfb-9780-1b189cb48f14",
      "error": null,
      "perf": {
        "end_time": "2024-09-25T13:28:17.692362",
        "start_time": "2024-09-25T13:28:17.692187"
      },
      "pid": 31765,
      "rets": "Relevant chunk: olleholleholleh",
      "stack": [
        {
          "method": {
            "name": "respond_to_query",
            "obj": {
              "cls": {
                "bases": null,
                "module": {
                  "module_name": "examples.dev.dummy_app.app",
                  "package_name": "examples.dev.dummy_app"
                },
                "name": "DummyApp"
              },
              "id": 14215594704,
              "init_bindings": null
            }
          },
          "path": "app"
        },
        {
          "method": {
            "name": "get_context",
            "obj": {
              "cls": {
                "bases": null,
                "module": {
                  "module_name": "examples.dev.dummy_app.app",
                  "package_name": "examples.dev.dummy_app"
                },
                "name": "DummyApp"
              },
              "id": 14215594704,
              "init_bindings": null
            }
          },
          "path": "app"
        },
        {
          "method": {
            "name": "process_chunk_by_tool",
            "obj": {
              "cls": {
                "bases": null,
                "module": {
                  "module_name": "examples.dev.dummy_app.app",
                  "package_name": "examples.dev.dummy_app"
                },
                "name": "DummyApp"
              },
              "id": 14215594704,
              "init_bindings": null
            }
          },
          "path": "app"
        }
      ],
      "tid": 14716574
    },
    {
      "args": {
        "query": "hello"
      },
      "call_id": "d7e0abfb-1b06-41ef-aa73-57904db75621",
      "error": null,
      "perf": {
        "end_time": "2024-09-25T13:28:17.692387",
        "start_time": "2024-09-25T13:28:17.689930"
      },
      "pid": 31765,
      "rets": [
        "<table>\n\n            <tr>\n                <td>examples.dev.dummy_app.tool</td>\n                <td>save_stack</td>\n            </tr>\n            \n            <tr>\n                <td>examples.dev.dummy_app.tool</td>\n                <td>invoke</td>\n            </tr>\n            \n            <tr>\n                <td>examples.dev.dummy_app.app</td>\n                <td>process_chunk_by_tool</td>\n            </tr>\n            \n            <tr>\n                <td>examples.dev.dummy_app.app</td>\n                <td><genexpr></td>\n            </tr>\n            \n            <tr>\n                <td>examples.dev.dummy_app.app</td>\n                <td>get_context</td>\n            </tr>\n            \n            <tr>\n                <td>examples.dev.dummy_app.app</td>\n                <td>respond_to_query</td>\n            </tr>\n            </table>\n",
        "Relevant chunk: olleholleholleh"
      ],
      "stack": [
        {
          "method": {
            "name": "respond_to_query",
            "obj": {
              "cls": {
                "bases": null,
                "module": {
                  "module_name": "examples.dev.dummy_app.app",
                  "package_name": "examples.dev.dummy_app"
                },
                "name": "DummyApp"
              },
              "id": 14215594704,
              "init_bindings": null
            }
          },
          "path": "app"
        },
        {
          "method": {
            "name": "get_context",
            "obj": {
              "cls": {
                "bases": null,
                "module": {
                  "module_name": "examples.dev.dummy_app.app",
                  "package_name": "examples.dev.dummy_app"
                },
                "name": "DummyApp"
              },
              "id": 14215594704,
              "init_bindings": null
            }
          },
          "path": "app"
        }
      ],
      "tid": 14716574
    },
    {
      "args": {
        "data": "hello"
      },
      "call_id": "d6fb5d54-377a-4488-9640-8a71e43593c6",
      "error": null,
      "perf": {
        "end_time": "2024-09-25T13:28:17.692493",
        "start_time": "2024-09-25T13:28:17.692432"
      },
      "pid": 31765,
      "rets": null,
      "stack": [
        {
          "method": {
            "name": "respond_to_query",
            "obj": {
              "cls": {
                "bases": null,
                "module": {
                  "module_name": "examples.dev.dummy_app.app",
                  "package_name": "examples.dev.dummy_app"
                },
                "name": "DummyApp"
              },
              "id": 14215594704,
              "init_bindings": null
            }
          },
          "path": "app"
        },
        {
          "method": {
            "name": "remember",
            "obj": {
              "cls": {
                "bases": null,
                "module": {
                  "module_name": "examples.dev.dummy_app.memory",
                  "package_name": "examples.dev.dummy_app"
                },
                "name": "DummyMemory"
              },
              "id": 14215594832,
              "init_bindings": null
            }
          },
          "path": "app.memory"
        }
      ],
      "tid": 14716574
    },
    {
      "args": {
        "prompt": "<table>\n\n            <tr>\n                <td>examples.dev.dummy_app.tool</td>\n                <td>save_stack</td>\n            </tr>\n            \n            <tr>\n                <td>examples.dev.dummy_app.tool</td>\n                <td>invoke</td>\n            </tr>\n            \n            <tr>\n                <td>examples.dev.dummy_app.app</td>\n                <td>process_chunk_by_tool</td>\n            </tr>\n            \n            <tr>\n                <td>examples.dev.dummy_app.app</td>\n                <td><genexpr></td>\n            </tr>\n            \n            <tr>\n                <td>examples.dev.dummy_app.app</td>\n                <td>get_context</td>\n            </tr>\n            \n            <tr>\n                <td>examples.dev.dummy_app.app</td>\n                <td>respond_to_query</td>\n            </tr>\n            </table>\n,Relevant chunk: olleholleholleh"
      },
      "call_id": "ba201ae2-6819-4618-9099-5e871d3e2a4d",
      "error": null,
      "perf": {
        "end_time": "2024-09-25T13:28:17.692757",
        "start_time": "2024-09-25T13:28:17.692526"
      },
      "pid": 31765,
      "rets": "\nFirst an integer: 2 . Also, this is my response to a prompt of length\n880 with a model derp with temperature 0.5. Also, here is\nan integer in case this is being used as a score: 2\n",
      "stack": [
        {
          "method": {
            "name": "respond_to_query",
            "obj": {
              "cls": {
                "bases": null,
                "module": {
                  "module_name": "examples.dev.dummy_app.app",
                  "package_name": "examples.dev.dummy_app"
                },
                "name": "DummyApp"
              },
              "id": 14215594704,
              "init_bindings": null
            }
          },
          "path": "app"
        },
        {
          "method": {
            "name": "generate",
            "obj": {
              "cls": {
                "bases": null,
                "module": {
                  "module_name": "examples.dev.dummy_app.llm",
                  "package_name": "examples.dev.dummy_app"
                },
                "name": "DummyLLM"
              },
              "id": 14215807760,
              "init_bindings": null
            }
          },
          "path": "app.llm"
        }
      ],
      "tid": 14716574
    },
    {
      "args": {
        "context": "\nFirst an integer: 2 . Also, this is my response to a prompt of length\n880 with a model derp with temperature 0.5. Also, here is\nan integer in case this is being used as a score: 2\n",
        "question": "hello"
      },
      "call_id": "10f3451b-325a-4245-a3dd-b5ba8d020982",
      "error": null,
      "perf": {
        "end_time": "2024-09-25T13:28:17.692862",
        "start_time": "2024-09-25T13:28:17.692795"
      },
      "pid": 31765,
      "rets": "Please answer the following question given the context.\nQUESTION: hello\nCONTEXT: \nFirst an integer: 2 . Also, this is my response to a prompt of length\n880 with a model derp with temperature 0.5. Also, here is\nan integer in case this is being used as a score: 2\n\n",
      "stack": [
        {
          "method": {
            "name": "respond_to_query",
            "obj": {
              "cls": {
                "bases": null,
                "module": {
                  "module_name": "examples.dev.dummy_app.app",
                  "package_name": "examples.dev.dummy_app"
                },
                "name": "DummyApp"
              },
              "id": 14215594704,
              "init_bindings": null
            }
          },
          "path": "app"
        },
        {
          "method": {
            "name": "fill",
            "obj": {
              "cls": {
                "bases": null,
                "module": {
                  "module_name": "examples.dev.dummy_app.template",
                  "package_name": "examples.dev.dummy_app"
                },
                "name": "DummyTemplate"
              },
              "id": 14215819024,
              "init_bindings": null
            }
          },
          "path": "app.template"
        }
      ],
      "tid": 14716574
    },
    {
      "args": {
        "prompt": "Please answer the following question given the context.\nQUESTION: hello\nCONTEXT: \nFirst an integer: 2 . Also, this is my response to a prompt of length\n880 with a model derp with temperature 0.5. Also, here is\nan integer in case this is being used as a score: 2\n\n"
      },
      "call_id": "bf04e9ea-14b2-42c8-94bb-8d1154104f16",
      "error": null,
      "perf": {
        "end_time": "2024-09-25T13:28:17.693012",
        "start_time": "2024-09-25T13:28:17.692894"
      },
      "pid": 31765,
      "rets": "\nFirst an integer: 2 . Also, this is my response to a prompt of length\n263 with a model derp with temperature 0.5. Also, here is\nan integer in case this is being used as a score: 2\n",
      "stack": [
        {
          "method": {
            "name": "respond_to_query",
            "obj": {
              "cls": {
                "bases": null,
                "module": {
                  "module_name": "examples.dev.dummy_app.app",
                  "package_name": "examples.dev.dummy_app"
                },
                "name": "DummyApp"
              },
              "id": 14215594704,
              "init_bindings": null
            }
          },
          "path": "app"
        },
        {
          "method": {
            "name": "generate",
            "obj": {
              "cls": {
                "bases": null,
                "module": {
                  "module_name": "examples.dev.dummy_app.llm",
                  "package_name": "examples.dev.dummy_app"
                },
                "name": "DummyLLM"
              },
              "id": 14215807760,
              "init_bindings": null
            }
          },
          "path": "app.llm"
        }
      ],
      "tid": 14716574
    },
    {
      "args": {
        "data": "\nFirst an integer: 2 . Also, this is my response to a prompt of length\n263 with a model derp with temperature 0.5. Also, here is\nan integer in case this is being used as a score: 2\n"
      },
      "call_id": "fad1afe7-b5e8-422d-bbc3-501a646c6bea",
      "error": null,
      "perf": {
        "end_time": "2024-09-25T13:28:17.693105",
        "start_time": "2024-09-25T13:28:17.693044"
      },
      "pid": 31765,
      "rets": null,
      "stack": [
        {
          "method": {
            "name": "respond_to_query",
            "obj": {
              "cls": {
                "bases": null,
                "module": {
                  "module_name": "examples.dev.dummy_app.app",
                  "package_name": "examples.dev.dummy_app"
                },
                "name": "DummyApp"
              },
              "id": 14215594704,
              "init_bindings": null
            }
          },
          "path": "app"
        },
        {
          "method": {
            "name": "remember",
            "obj": {
              "cls": {
                "bases": null,
                "module": {
                  "module_name": "examples.dev.dummy_app.memory",
                  "package_name": "examples.dev.dummy_app"
                },
                "name": "DummyMemory"
              },
              "id": 14215594832,
              "init_bindings": null
            }
          },
          "path": "app.memory"
        }
      ],
      "tid": 14716574
    },
    {
      "args": {
        "query": "hello"
      },
      "call_id": "224f9022-5903-4c6a-8de1-0c34fd8dee7a",
      "error": null,
      "perf": {
        "end_time": "2024-09-25T13:28:17.693140",
        "start_time": "2024-09-25T13:28:16.700848"
      },
      "pid": 31765,
      "rets": "\nFirst an integer: 2 . Also, this is my response to a prompt of length\n263 with a model derp with temperature 0.5. Also, here is\nan integer in case this is being used as a score: 2\n",
      "stack": [
        {
          "method": {
            "name": "respond_to_query",
            "obj": {
              "cls": {
                "bases": null,
                "module": {
                  "module_name": "examples.dev.dummy_app.app",
                  "package_name": "examples.dev.dummy_app"
                },
                "name": "DummyApp"
              },
              "id": 14215594704,
              "init_bindings": null
            }
          },
          "path": "app"
        }
      ],
      "tid": 14716574
    }
  ],
  "cost": {
    "cost": 0.0,
    "cost_currency": "USD",
    "n_classes": 0,
    "n_classification_requests": 0,
    "n_completion_requests": 0,
    "n_completion_tokens": 0,
    "n_cortex_guardrails_tokens": 0,
    "n_embedding_requests": 0,
    "n_embeddings": 0,
    "n_prompt_tokens": 0,
    "n_requests": 0,
    "n_stream_chunks": 0,
    "n_successful_requests": 0,
    "n_tokens": 0
  },
  "experimental_otel_spans": [],
  "main_error": null,
  "main_input": "hello",
  "main_output": "\nFirst an integer: 2 . Also, this is my response to a prompt of length\n263 with a model derp with temperature 0.5. Also, here is\nan integer in case this is being used as a score: 2\n",
  "meta": null,
  "perf": {
    "end_time": "2024-09-25T13:28:17.693140",
    "start_time": "2024-09-25T13:28:16.700848"
  },
  "record_id": "record_hash_ed06148a6a9e5153a97be3dac551aca4",
  "tags": "-",
  "ts": "2024-09-25T13:28:17.693201"
}
