"\nFirst an integer: 2 . Also, this is my response to a prompt of length\n263 with a model derp with temperature 0.5. Also, here is\nan integer in case this is being used as a score: 2\n"
