{
  "app_id": "app_hash_f23a545202d08b8ef32f8d992cf79e7e",
  "calls": [
    {
      "args": {
        "data": "hello"
      },
      "call_id": "b1c6e845-ed43-4662-a6eb-961720c4c905",
      "error": null,
      "perf": {
        "end_time": "2024-09-09T17:25:18.909641",
        "start_time": "2024-09-09T17:25:18.909474"
      },
      "pid": 86986,
      "rets": "Record placeholder",
      "stack": [
        {
          "method": {
            "name": "respond_to_query",
            "obj": {
              "cls": {
                "bases": null,
                "module": {
                  "module_name": "examples.dev.dummy_app.app",
                  "package_name": "examples.dev.dummy_app"
                },
                "name": "DummyApp"
              },
              "id": 14141734640,
              "init_bindings": null
            }
          },
          "path": "app"
        },
        {
          "method": {
            "name": "invoke",
            "obj": {
              "cls": {
                "bases": null,
                "module": {
                  "module_name": "examples.dev.dummy_app.agent",
                  "package_name": "examples.dev.dummy_app"
                },
                "name": "DummyAgent"
              },
              "id": 14141932272,
              "init_bindings": null
            }
          },
          "path": "app.agents[0]"
        }
      ],
      "tid": 11436600
    },
    {
      "args": {
        "data": "hello"
      },
      "call_id": "5e9dad08-655b-453a-8d3c-569036daff97",
      "error": null,
      "perf": {
        "end_time": "2024-09-09T17:25:18.909847",
        "start_time": "2024-09-09T17:25:18.909743"
      },
      "pid": 86986,
      "rets": "Record placeholder",
      "stack": [
        {
          "method": {
            "name": "respond_to_query",
            "obj": {
              "cls": {
                "bases": null,
                "module": {
                  "module_name": "examples.dev.dummy_app.app",
                  "package_name": "examples.dev.dummy_app"
                },
                "name": "DummyApp"
              },
              "id": 14141734640,
              "init_bindings": null
            }
          },
          "path": "app"
        },
        {
          "method": {
            "name": "invoke",
            "obj": {
              "cls": {
                "bases": null,
                "module": {
                  "module_name": "examples.dev.dummy_app.agent",
                  "package_name": "examples.dev.dummy_app"
                },
                "name": "DummyAgent"
              },
              "id": 14141932272,
              "init_bindings": null
            }
          },
          "path": "app.agents[1]"
        }
      ],
      "tid": 11436600
    },
    {
      "args": {
        "data": "hello"
      },
      "call_id": "bd4aca7a-e4c1-42d9-95b9-b5c00fed4087",
      "error": null,
      "perf": {
        "end_time": "2024-09-09T17:25:18.910081",
        "start_time": "2024-09-09T17:25:18.909985"
      },
      "pid": 86986,
      "rets": [
        "Relevant chunk: HELLO",
        "Relevant chunk: olleholleholleh"
      ],
      "stack": [
        {
          "method": {
            "name": "respond_to_query",
            "obj": {
              "cls": {
                "bases": null,
                "module": {
                  "module_name": "examples.dev.dummy_app.app",
                  "package_name": "examples.dev.dummy_app"
                },
                "name": "DummyApp"
              },
              "id": 14141734640,
              "init_bindings": null
            }
          },
          "path": "app"
        },
        {
          "method": {
            "name": "get_context",
            "obj": {
              "cls": {
                "bases": null,
                "module": {
                  "module_name": "examples.dev.dummy_app.app",
                  "package_name": "examples.dev.dummy_app"
                },
                "name": "DummyApp"
              },
              "id": 14141734640,
              "init_bindings": null
            }
          },
          "path": "app"
        },
        {
          "method": {
            "name": "retrieve_chunks",
            "obj": {
              "cls": {
                "bases": null,
                "module": {
                  "module_name": "examples.dev.dummy_app.retriever",
                  "package_name": "examples.dev.dummy_app"
                },
                "name": "DummyRetriever"
              },
              "id": 14141931696,
              "init_bindings": null
            }
          },
          "path": "app.retriever"
        }
      ],
      "tid": 11436600
    },
    {
      "args": {
        "chunk_scores": null,
        "chunks": [
          "Relevant chunk: HELLO",
          "Relevant chunk: olleholleholleh"
        ],
        "query_text": "hello"
      },
      "call_id": "d9856ffa-9b59-4ed2-9b90-49f835256089",
      "error": null,
      "perf": {
        "end_time": "2024-09-09T17:25:18.910252",
        "start_time": "2024-09-09T17:25:18.910135"
      },
      "pid": 86986,
      "rets": [
        [
          "Relevant chunk: HELLO",
          16.0
        ],
        [
          "Relevant chunk: olleholleholleh",
          26.0
        ]
      ],
      "stack": [
        {
          "method": {
            "name": "respond_to_query",
            "obj": {
              "cls": {
                "bases": null,
                "module": {
                  "module_name": "examples.dev.dummy_app.app",
                  "package_name": "examples.dev.dummy_app"
                },
                "name": "DummyApp"
              },
              "id": 14141734640,
              "init_bindings": null
            }
          },
          "path": "app"
        },
        {
          "method": {
            "name": "get_context",
            "obj": {
              "cls": {
                "bases": null,
                "module": {
                  "module_name": "examples.dev.dummy_app.app",
                  "package_name": "examples.dev.dummy_app"
                },
                "name": "DummyApp"
              },
              "id": 14141734640,
              "init_bindings": null
            }
          },
          "path": "app"
        },
        {
          "method": {
            "name": "rerank",
            "obj": {
              "cls": {
                "bases": null,
                "module": {
                  "module_name": "examples.dev.dummy_app.reranker",
                  "package_name": "examples.dev.dummy_app"
                },
                "name": "DummyReranker"
              },
              "id": 14141932224,
              "init_bindings": null
            }
          },
          "path": "app.reranker"
        }
      ],
      "tid": 11436600
    },
    {
      "args": {
        "data": "Relevant chunk: HELLO"
      },
      "call_id": "42e2c728-391b-4100-bd29-8f3de0c07102",
      "error": null,
      "perf": {
        "end_time": "2024-09-09T17:25:18.911907",
        "start_time": "2024-09-09T17:25:18.910417"
      },
      "pid": 86986,
      "rets": "<table>\n\n            <tr>\n                <td>examples.dev.dummy_app.tool</td>\n                <td>save_stack</td>\n            </tr>\n            \n            <tr>\n                <td>examples.dev.dummy_app.tool</td>\n                <td>invoke</td>\n            </tr>\n            \n            <tr>\n                <td>examples.dev.dummy_app.app</td>\n                <td>process_chunk_by_tool</td>\n            </tr>\n            \n            <tr>\n                <td>examples.dev.dummy_app.app</td>\n                <td><genexpr></td>\n            </tr>\n            \n            <tr>\n                <td>examples.dev.dummy_app.app</td>\n                <td>get_context</td>\n            </tr>\n            \n            <tr>\n                <td>examples.dev.dummy_app.app</td>\n                <td>respond_to_query</td>\n            </tr>\n            </table>\n",
      "stack": [
        {
          "method": {
            "name": "respond_to_query",
            "obj": {
              "cls": {
                "bases": null,
                "module": {
                  "module_name": "examples.dev.dummy_app.app",
                  "package_name": "examples.dev.dummy_app"
                },
                "name": "DummyApp"
              },
              "id": 14141734640,
              "init_bindings": null
            }
          },
          "path": "app"
        },
        {
          "method": {
            "name": "get_context",
            "obj": {
              "cls": {
                "bases": null,
                "module": {
                  "module_name": "examples.dev.dummy_app.app",
                  "package_name": "examples.dev.dummy_app"
                },
                "name": "DummyApp"
              },
              "id": 14141734640,
              "init_bindings": null
            }
          },
          "path": "app"
        },
        {
          "method": {
            "name": "process_chunk_by_tool",
            "obj": {
              "cls": {
                "bases": null,
                "module": {
                  "module_name": "examples.dev.dummy_app.app",
                  "package_name": "examples.dev.dummy_app"
                },
                "name": "DummyApp"
              },
              "id": 14141734640,
              "init_bindings": null
            }
          },
          "path": "app"
        },
        {
          "method": {
            "name": "invoke",
            "obj": {
              "cls": {
                "bases": null,
                "module": {
                  "module_name": "examples.dev.dummy_app.tool",
                  "package_name": "examples.dev.dummy_app"
                },
                "name": "DummyStackTool"
              },
              "id": 14141435888,
              "init_bindings": null
            }
          },
          "path": "app.tools[0]"
        }
      ],
      "tid": 11436600
    },
    {
      "args": {
        "chunk_and_score": [
          "Relevant chunk: HELLO",
          16.0
        ],
        "tool_num": 0
      },
      "call_id": "3a4aba43-b8af-4e3a-ba76-31909626c78b",
      "error": null,
      "perf": {
        "end_time": "2024-09-09T17:25:18.911968",
        "start_time": "2024-09-09T17:25:18.910321"
      },
      "pid": 86986,
      "rets": "<table>\n\n            <tr>\n                <td>examples.dev.dummy_app.tool</td>\n                <td>save_stack</td>\n            </tr>\n            \n            <tr>\n                <td>examples.dev.dummy_app.tool</td>\n                <td>invoke</td>\n            </tr>\n            \n            <tr>\n                <td>examples.dev.dummy_app.app</td>\n                <td>process_chunk_by_tool</td>\n            </tr>\n            \n            <tr>\n                <td>examples.dev.dummy_app.app</td>\n                <td><genexpr></td>\n            </tr>\n            \n            <tr>\n                <td>examples.dev.dummy_app.app</td>\n                <td>get_context</td>\n            </tr>\n            \n            <tr>\n                <td>examples.dev.dummy_app.app</td>\n                <td>respond_to_query</td>\n            </tr>\n            </table>\n",
      "stack": [
        {
          "method": {
            "name": "respond_to_query",
            "obj": {
              "cls": {
                "bases": null,
                "module": {
                  "module_name": "examples.dev.dummy_app.app",
                  "package_name": "examples.dev.dummy_app"
                },
                "name": "DummyApp"
              },
              "id": 14141734640,
              "init_bindings": null
            }
          },
          "path": "app"
        },
        {
          "method": {
            "name": "get_context",
            "obj": {
              "cls": {
                "bases": null,
                "module": {
                  "module_name": "examples.dev.dummy_app.app",
                  "package_name": "examples.dev.dummy_app"
                },
                "name": "DummyApp"
              },
              "id": 14141734640,
              "init_bindings": null
            }
          },
          "path": "app"
        },
        {
          "method": {
            "name": "process_chunk_by_tool",
            "obj": {
              "cls": {
                "bases": null,
                "module": {
                  "module_name": "examples.dev.dummy_app.app",
                  "package_name": "examples.dev.dummy_app"
                },
                "name": "DummyApp"
              },
              "id": 14141734640,
              "init_bindings": null
            }
          },
          "path": "app"
        }
      ],
      "tid": 11436600
    },
    {
      "args": {
        "data": "Relevant chunk: olleholleholleh"
      },
      "call_id": "4b160ac9-e5a1-43e3-9c27-2d57a22857b5",
      "error": null,
      "perf": {
        "end_time": "2024-09-09T17:25:18.912233",
        "start_time": "2024-09-09T17:25:18.912142"
      },
      "pid": 86986,
      "rets": "Relevant chunk: olleholleholleh",
      "stack": [
        {
          "method": {
            "name": "respond_to_query",
            "obj": {
              "cls": {
                "bases": null,
                "module": {
                  "module_name": "examples.dev.dummy_app.app",
                  "package_name": "examples.dev.dummy_app"
                },
                "name": "DummyApp"
              },
              "id": 14141734640,
              "init_bindings": null
            }
          },
          "path": "app"
        },
        {
          "method": {
            "name": "get_context",
            "obj": {
              "cls": {
                "bases": null,
                "module": {
                  "module_name": "examples.dev.dummy_app.app",
                  "package_name": "examples.dev.dummy_app"
                },
                "name": "DummyApp"
              },
              "id": 14141734640,
              "init_bindings": null
            }
          },
          "path": "app"
        },
        {
          "method": {
            "name": "process_chunk_by_tool",
            "obj": {
              "cls": {
                "bases": null,
                "module": {
                  "module_name": "examples.dev.dummy_app.app",
                  "package_name": "examples.dev.dummy_app"
                },
                "name": "DummyApp"
              },
              "id": 14141734640,
              "init_bindings": null
            }
          },
          "path": "app"
        },
        {
          "method": {
            "name": "invoke",
            "obj": {
              "cls": {
                "bases": null,
                "module": {
                  "module_name": "examples.dev.dummy_app.tool",
                  "package_name": "examples.dev.dummy_app"
                },
                "name": "DummyTool"
              },
              "id": 14141429072,
              "init_bindings": null
            }
          },
          "path": "app.tools[1]"
        }
      ],
      "tid": 11436600
    },
    {
      "args": {
        "chunk_and_score": [
          "Relevant chunk: olleholleholleh",
          26.0
        ],
        "tool_num": 1
      },
      "call_id": "73af699a-0353-4048-b3a2-9263662ea40a",
      "error": null,
      "perf": {
        "end_time": "2024-09-09T17:25:18.912273",
        "start_time": "2024-09-09T17:25:18.912007"
      },
      "pid": 86986,
      "rets": "Relevant chunk: olleholleholleh",
      "stack": [
        {
          "method": {
            "name": "respond_to_query",
            "obj": {
              "cls": {
                "bases": null,
                "module": {
                  "module_name": "examples.dev.dummy_app.app",
                  "package_name": "examples.dev.dummy_app"
                },
                "name": "DummyApp"
              },
              "id": 14141734640,
              "init_bindings": null
            }
          },
          "path": "app"
        },
        {
          "method": {
            "name": "get_context",
            "obj": {
              "cls": {
                "bases": null,
                "module": {
                  "module_name": "examples.dev.dummy_app.app",
                  "package_name": "examples.dev.dummy_app"
                },
                "name": "DummyApp"
              },
              "id": 14141734640,
              "init_bindings": null
            }
          },
          "path": "app"
        },
        {
          "method": {
            "name": "process_chunk_by_tool",
            "obj": {
              "cls": {
                "bases": null,
                "module": {
                  "module_name": "examples.dev.dummy_app.app",
                  "package_name": "examples.dev.dummy_app"
                },
                "name": "DummyApp"
              },
              "id": 14141734640,
              "init_bindings": null
            }
          },
          "path": "app"
        }
      ],
      "tid": 11436600
    },
    {
      "args": {
        "query": "hello"
      },
      "call_id": "362f6781-3e97-45f7-8072-69054f57bf35",
      "error": null,
      "perf": {
        "end_time": "2024-09-09T17:25:18.912295",
        "start_time": "2024-09-09T17:25:18.909887"
      },
      "pid": 86986,
      "rets": [
        "<table>\n\n            <tr>\n                <td>examples.dev.dummy_app.tool</td>\n                <td>save_stack</td>\n            </tr>\n            \n            <tr>\n                <td>examples.dev.dummy_app.tool</td>\n                <td>invoke</td>\n            </tr>\n            \n            <tr>\n                <td>examples.dev.dummy_app.app</td>\n                <td>process_chunk_by_tool</td>\n            </tr>\n            \n            <tr>\n                <td>examples.dev.dummy_app.app</td>\n                <td><genexpr></td>\n            </tr>\n            \n            <tr>\n                <td>examples.dev.dummy_app.app</td>\n                <td>get_context</td>\n            </tr>\n            \n            <tr>\n                <td>examples.dev.dummy_app.app</td>\n                <td>respond_to_query</td>\n            </tr>\n            </table>\n",
        "Relevant chunk: olleholleholleh"
      ],
      "stack": [
        {
          "method": {
            "name": "respond_to_query",
            "obj": {
              "cls": {
                "bases": null,
                "module": {
                  "module_name": "examples.dev.dummy_app.app",
                  "package_name": "examples.dev.dummy_app"
                },
                "name": "DummyApp"
              },
              "id": 14141734640,
              "init_bindings": null
            }
          },
          "path": "app"
        },
        {
          "method": {
            "name": "get_context",
            "obj": {
              "cls": {
                "bases": null,
                "module": {
                  "module_name": "examples.dev.dummy_app.app",
                  "package_name": "examples.dev.dummy_app"
                },
                "name": "DummyApp"
              },
              "id": 14141734640,
              "init_bindings": null
            }
          },
          "path": "app"
        }
      ],
      "tid": 11436600
    },
    {
      "args": {
        "data": "hello"
      },
      "call_id": "78e1de6b-5c0b-4f3c-95f6-b98aefc7d7ab",
      "error": null,
      "perf": {
        "end_time": "2024-09-09T17:25:18.912426",
        "start_time": "2024-09-09T17:25:18.912334"
      },
      "pid": 86986,
      "rets": null,
      "stack": [
        {
          "method": {
            "name": "respond_to_query",
            "obj": {
              "cls": {
                "bases": null,
                "module": {
                  "module_name": "examples.dev.dummy_app.app",
                  "package_name": "examples.dev.dummy_app"
                },
                "name": "DummyApp"
              },
              "id": 14141734640,
              "init_bindings": null
            }
          },
          "path": "app"
        },
        {
          "method": {
            "name": "remember",
            "obj": {
              "cls": {
                "bases": null,
                "module": {
                  "module_name": "examples.dev.dummy_app.memory",
                  "package_name": "examples.dev.dummy_app"
                },
                "name": "DummyMemory"
              },
              "id": 14141931600,
              "init_bindings": null
            }
          },
          "path": "app.memory"
        }
      ],
      "tid": 11436600
    },
    {
      "args": {
        "prompt": "<table>\n\n            <tr>\n                <td>examples.dev.dummy_app.tool</td>\n                <td>save_stack</td>\n            </tr>\n            \n            <tr>\n                <td>examples.dev.dummy_app.tool</td>\n                <td>invoke</td>\n            </tr>\n            \n            <tr>\n                <td>examples.dev.dummy_app.app</td>\n                <td>process_chunk_by_tool</td>\n            </tr>\n            \n            <tr>\n                <td>examples.dev.dummy_app.app</td>\n                <td><genexpr></td>\n            </tr>\n            \n            <tr>\n                <td>examples.dev.dummy_app.app</td>\n                <td>get_context</td>\n            </tr>\n            \n            <tr>\n                <td>examples.dev.dummy_app.app</td>\n                <td>respond_to_query</td>\n            </tr>\n            </table>\n,Relevant chunk: olleholleholleh"
      },
      "call_id": "6418ae4b-d5a0-4a09-b2f2-bd0810d3b538",
      "error": null,
      "perf": {
        "end_time": "2024-09-09T17:25:18.912579",
        "start_time": "2024-09-09T17:25:18.912459"
      },
      "pid": 86986,
      "rets": "\nFirst an integer: 2 . Also, this is my response to a prompt of length\n880 with a model derp with temperature 0.5. Also, here is\nan integer in case this is being used as a score: 2\n",
      "stack": [
        {
          "method": {
            "name": "respond_to_query",
            "obj": {
              "cls": {
                "bases": null,
                "module": {
                  "module_name": "examples.dev.dummy_app.app",
                  "package_name": "examples.dev.dummy_app"
                },
                "name": "DummyApp"
              },
              "id": 14141734640,
              "init_bindings": null
            }
          },
          "path": "app"
        },
        {
          "method": {
            "name": "generate",
            "obj": {
              "cls": {
                "bases": null,
                "module": {
                  "module_name": "examples.dev.dummy_app.llm",
                  "package_name": "examples.dev.dummy_app"
                },
                "name": "DummyLLM"
              },
              "id": 14141931744,
              "init_bindings": null
            }
          },
          "path": "app.llm"
        }
      ],
      "tid": 11436600
    },
    {
      "args": {
        "context": "\nFirst an integer: 2 . Also, this is my response to a prompt of length\n880 with a model derp with temperature 0.5. Also, here is\nan integer in case this is being used as a score: 2\n",
        "question": "hello"
      },
      "call_id": "1b56b614-5520-4c4f-8861-d50a2efba327",
      "error": null,
      "perf": {
        "end_time": "2024-09-09T17:25:18.912708",
        "start_time": "2024-09-09T17:25:18.912610"
      },
      "pid": 86986,
      "rets": "Please answer the following question given the context.\nQUESTION: hello\nCONTEXT: \nFirst an integer: 2 . Also, this is my response to a prompt of length\n880 with a model derp with temperature 0.5. Also, here is\nan integer in case this is being used as a score: 2\n\n",
      "stack": [
        {
          "method": {
            "name": "respond_to_query",
            "obj": {
              "cls": {
                "bases": null,
                "module": {
                  "module_name": "examples.dev.dummy_app.app",
                  "package_name": "examples.dev.dummy_app"
                },
                "name": "DummyApp"
              },
              "id": 14141734640,
              "init_bindings": null
            }
          },
          "path": "app"
        },
        {
          "method": {
            "name": "fill",
            "obj": {
              "cls": {
                "bases": null,
                "module": {
                  "module_name": "examples.dev.dummy_app.template",
                  "package_name": "examples.dev.dummy_app"
                },
                "name": "DummyTemplate"
              },
              "id": 14141931888,
              "init_bindings": null
            }
          },
          "path": "app.template"
        }
      ],
      "tid": 11436600
    },
    {
      "args": {
        "prompt": "Please answer the following question given the context.\nQUESTION: hello\nCONTEXT: \nFirst an integer: 2 . Also, this is my response to a prompt of length\n880 with a model derp with temperature 0.5. Also, here is\nan integer in case this is being used as a score: 2\n\n"
      },
      "call_id": "2e531e85-2a0b-4de8-89b2-db28961a4f2f",
      "error": null,
      "perf": {
        "end_time": "2024-09-09T17:25:18.912837",
        "start_time": "2024-09-09T17:25:18.912738"
      },
      "pid": 86986,
      "rets": "\nFirst an integer: 2 . Also, this is my response to a prompt of length\n263 with a model derp with temperature 0.5. Also, here is\nan integer in case this is being used as a score: 2\n",
      "stack": [
        {
          "method": {
            "name": "respond_to_query",
            "obj": {
              "cls": {
                "bases": null,
                "module": {
                  "module_name": "examples.dev.dummy_app.app",
                  "package_name": "examples.dev.dummy_app"
                },
                "name": "DummyApp"
              },
              "id": 14141734640,
              "init_bindings": null
            }
          },
          "path": "app"
        },
        {
          "method": {
            "name": "generate",
            "obj": {
              "cls": {
                "bases": null,
                "module": {
                  "module_name": "examples.dev.dummy_app.llm",
                  "package_name": "examples.dev.dummy_app"
                },
                "name": "DummyLLM"
              },
              "id": 14141931744,
              "init_bindings": null
            }
          },
          "path": "app.llm"
        }
      ],
      "tid": 11436600
    },
    {
      "args": {
        "data": "\nFirst an integer: 2 . Also, this is my response to a prompt of length\n263 with a model derp with temperature 0.5. Also, here is\nan integer in case this is being used as a score: 2\n"
      },
      "call_id": "41b59754-1a9b-4431-b358-98f3ad50659e",
      "error": null,
      "perf": {
        "end_time": "2024-09-09T17:25:18.912951",
        "start_time": "2024-09-09T17:25:18.912867"
      },
      "pid": 86986,
      "rets": null,
      "stack": [
        {
          "method": {
            "name": "respond_to_query",
            "obj": {
              "cls": {
                "bases": null,
                "module": {
                  "module_name": "examples.dev.dummy_app.app",
                  "package_name": "examples.dev.dummy_app"
                },
                "name": "DummyApp"
              },
              "id": 14141734640,
              "init_bindings": null
            }
          },
          "path": "app"
        },
        {
          "method": {
            "name": "remember",
            "obj": {
              "cls": {
                "bases": null,
                "module": {
                  "module_name": "examples.dev.dummy_app.memory",
                  "package_name": "examples.dev.dummy_app"
                },
                "name": "DummyMemory"
              },
              "id": 14141931600,
              "init_bindings": null
            }
          },
          "path": "app.memory"
        }
      ],
      "tid": 11436600
    },
    {
      "args": {
        "query": "hello"
      },
      "call_id": "039a2433-d416-47a0-8179-530449e2846d",
      "error": null,
      "perf": {
        "end_time": "2024-09-09T17:25:18.912975",
        "start_time": "2024-09-09T17:25:17.494730"
      },
      "pid": 86986,
      "rets": "\nFirst an integer: 2 . Also, this is my response to a prompt of length\n263 with a model derp with temperature 0.5. Also, here is\nan integer in case this is being used as a score: 2\n",
      "stack": [
        {
          "method": {
            "name": "respond_to_query",
            "obj": {
              "cls": {
                "bases": null,
                "module": {
                  "module_name": "examples.dev.dummy_app.app",
                  "package_name": "examples.dev.dummy_app"
                },
                "name": "DummyApp"
              },
              "id": 14141734640,
              "init_bindings": null
            }
          },
          "path": "app"
        }
      ],
      "tid": 11436600
    }
  ],
  "cost": {
    "cost": 0.0,
    "cost_currency": "USD",
    "n_classes": 0,
    "n_classification_requests": 0,
    "n_completion_requests": 0,
    "n_completion_tokens": 0,
    "n_cortex_guardrails_tokens": 0,
    "n_embedding_requests": 0,
    "n_embeddings": 0,
    "n_prompt_tokens": 0,
    "n_requests": 0,
    "n_stream_chunks": 0,
    "n_successful_requests": 0,
    "n_tokens": 0
  },
  "main_error": null,
  "main_input": "hello",
  "main_output": "\nFirst an integer: 2 . Also, this is my response to a prompt of length\n263 with a model derp with temperature 0.5. Also, here is\nan integer in case this is being used as a score: 2\n",
  "meta": null,
  "perf": {
    "end_time": "2024-09-09T17:25:18.912975",
    "start_time": "2024-09-09T17:25:17.494730"
  },
  "record_id": "record_hash_d3914153eafe2ee8a2bbde72a520737a",
  "tags": "-",
  "ts": "2024-09-09T17:25:18.913017"
}
