{
  "feedback_result_id": "feedback_result_hash_d78b82867c4afb208aeed7c2943c19b2",
  "record_id": "record_hash_2b94501522f41136287301685661234d",
  "feedback_definition_id": "feedback_definition_hash_8e36e4c5a12e5ef2eeab7816bc7eeae8",
  "last_ts": "2024-08-06T12:27:34.103680",
  "status": "done",
  "cost": {
    "n_requests": 0,
    "n_successful_requests": 0,
    "n_classes": 0,
    "n_tokens": 0,
    "n_stream_chunks": 0,
    "n_prompt_tokens": 0,
    "n_completion_tokens": 0,
    "cost": 0.0
  },
  "name": "language_match",
  "calls": [
    {
      "args": {
        "text1": "hello",
        "text2": "This is my response to a prompt of length 167 with a model derp with temperature 0.5."
      },
      "ret": 0.885953763259937,
      "meta": {
        "text1_scores": {
          "LABEL_1": 0.47570595681596817,
          "LABEL_2": 0.2943444078143559,
          "LABEL_0": 0.22994963536967594
        },
        "text2_scores": {
          "LABEL_1": 0.5897521935560311,
          "LABEL_2": 0.2529751618246674,
          "LABEL_0": 0.15727264461930146
        }
      }
    }
  ],
  "result": 0.885953763259937,
  "error": null,
  "multi_result": "null"
}
