{
  "record_id": "record_hash_8431a92fc94b2a477236d5cab235e83b",
  "app_id": "customapp",
  "cost": {
    "n_requests": 0,
    "n_successful_requests": 0,
    "n_classes": 0,
    "n_tokens": 0,
    "n_stream_chunks": 0,
    "n_prompt_tokens": 0,
    "n_completion_tokens": 0,
    "cost": 0.0
  },
  "perf": {
    "start_time": "2024-08-09T13:56:34.635482",
    "end_time": "2024-08-09T13:56:35.654104"
  },
  "ts": "2024-08-09T13:56:35.654148",
  "tags": "-",
  "meta": null,
  "main_input": "hello",
  "main_output": "\nFirst an integer: 2 . Also, this is my response to a prompt of length\n263 with a model derp with temperature 0.5. Also, here is\nan integer in case this is being used as a score: 2\n",
  "main_error": null,
  "calls": [
    {
      "call_id": "7c5a6705-6cbc-4b95-9f6d-619bd586b99d",
      "stack": [
        {
          "path": "app",
          "method": {
            "obj": {
              "cls": {
                "name": "DummyApp",
                "module": {
                  "package_name": "examples.dev.dummy_app",
                  "module_name": "examples.dev.dummy_app.app"
                },
                "bases": null
              },
              "id": 14311892048,
              "init_bindings": null
            },
            "name": "respond_to_query"
          }
        },
        {
          "path": "app.agents[0]",
          "method": {
            "obj": {
              "cls": {
                "name": "DummyAgent",
                "module": {
                  "package_name": "examples.dev.dummy_app",
                  "module_name": "examples.dev.dummy_app.agent"
                },
                "bases": null
              },
              "id": 14311892816,
              "init_bindings": null
            },
            "name": "invoke"
          }
        }
      ],
      "args": {
        "data": "hello"
      },
      "rets": "Record placeholder",
      "error": null,
      "perf": {
        "start_time": "2024-08-09T13:56:34.816283",
        "end_time": "2024-08-09T13:56:34.826603"
      },
      "pid": 99442,
      "tid": 14134719
    },
    {
      "call_id": "fed44372-f820-4401-9862-170eca67f85a",
      "stack": [
        {
          "path": "app",
          "method": {
            "obj": {
              "cls": {
                "name": "DummyApp",
                "module": {
                  "package_name": "examples.dev.dummy_app",
                  "module_name": "examples.dev.dummy_app.app"
                },
                "bases": null
              },
              "id": 14311892048,
              "init_bindings": null
            },
            "name": "respond_to_query"
          }
        },
        {
          "path": "app.agents[1]",
          "method": {
            "obj": {
              "cls": {
                "name": "DummyAgent",
                "module": {
                  "package_name": "examples.dev.dummy_app",
                  "module_name": "examples.dev.dummy_app.agent"
                },
                "bases": null
              },
              "id": 14311892816,
              "init_bindings": null
            },
            "name": "invoke"
          }
        }
      ],
      "args": {
        "data": "hello"
      },
      "rets": "Record placeholder",
      "error": null,
      "perf": {
        "start_time": "2024-08-09T13:56:34.873288",
        "end_time": "2024-08-09T13:56:34.883940"
      },
      "pid": 99442,
      "tid": 14134719
    },
    {
      "call_id": "c8146037-eded-469e-80ba-089139f61b81",
      "stack": [
        {
          "path": "app",
          "method": {
            "obj": {
              "cls": {
                "name": "DummyApp",
                "module": {
                  "package_name": "examples.dev.dummy_app",
                  "module_name": "examples.dev.dummy_app.app"
                },
                "bases": null
              },
              "id": 14311892048,
              "init_bindings": null
            },
            "name": "respond_to_query"
          }
        },
        {
          "path": "app",
          "method": {
            "obj": {
              "cls": {
                "name": "DummyApp",
                "module": {
                  "package_name": "examples.dev.dummy_app",
                  "module_name": "examples.dev.dummy_app.app"
                },
                "bases": null
              },
              "id": 14311892048,
              "init_bindings": null
            },
            "name": "get_context"
          }
        },
        {
          "path": "app.retriever",
          "method": {
            "obj": {
              "cls": {
                "name": "DummyRetriever",
                "module": {
                  "package_name": "examples.dev.dummy_app",
                  "module_name": "examples.dev.dummy_app.retriever"
                },
                "bases": null
              },
              "id": 14311892240,
              "init_bindings": null
            },
            "name": "retrieve_chunks"
          }
        }
      ],
      "args": {
        "data": "hello"
      },
      "rets": [
        "Relevant chunk: HELLO",
        "Relevant chunk: olleholleholleh"
      ],
      "error": null,
      "perf": {
        "start_time": "2024-08-09T13:56:34.987211",
        "end_time": "2024-08-09T13:56:34.999602"
      },
      "pid": 99442,
      "tid": 14134719
    },
    {
      "call_id": "37660d71-abe5-42d9-9e50-2c9e0867b285",
      "stack": [
        {
          "path": "app",
          "method": {
            "obj": {
              "cls": {
                "name": "DummyApp",
                "module": {
                  "package_name": "examples.dev.dummy_app",
                  "module_name": "examples.dev.dummy_app.app"
                },
                "bases": null
              },
              "id": 14311892048,
              "init_bindings": null
            },
            "name": "respond_to_query"
          }
        },
        {
          "path": "app",
          "method": {
            "obj": {
              "cls": {
                "name": "DummyApp",
                "module": {
                  "package_name": "examples.dev.dummy_app",
                  "module_name": "examples.dev.dummy_app.app"
                },
                "bases": null
              },
              "id": 14311892048,
              "init_bindings": null
            },
            "name": "get_context"
          }
        },
        {
          "path": "app.reranker",
          "method": {
            "obj": {
              "cls": {
                "name": "DummyReranker",
                "module": {
                  "package_name": "examples.dev.dummy_app",
                  "module_name": "examples.dev.dummy_app.reranker"
                },
                "bases": null
              },
              "id": 14311892768,
              "init_bindings": null
            },
            "name": "rerank"
          }
        }
      ],
      "args": {
        "query_text": "hello",
        "chunks": [
          "Relevant chunk: HELLO",
          "Relevant chunk: olleholleholleh"
        ],
        "chunk_scores": null
      },
      "rets": [
        [
          "Relevant chunk: HELLO",
          16.0
        ],
        [
          "Relevant chunk: olleholleholleh",
          26.0
        ]
      ],
      "error": null,
      "perf": {
        "start_time": "2024-08-09T13:56:35.050251",
        "end_time": "2024-08-09T13:56:35.063390"
      },
      "pid": 99442,
      "tid": 14134719
    },
    {
      "call_id": "274c92e4-530e-48b2-98a1-17b5a15d7d78",
      "stack": [
        {
          "path": "app",
          "method": {
            "obj": {
              "cls": {
                "name": "DummyApp",
                "module": {
                  "package_name": "examples.dev.dummy_app",
                  "module_name": "examples.dev.dummy_app.app"
                },
                "bases": null
              },
              "id": 14311892048,
              "init_bindings": null
            },
            "name": "respond_to_query"
          }
        },
        {
          "path": "app",
          "method": {
            "obj": {
              "cls": {
                "name": "DummyApp",
                "module": {
                  "package_name": "examples.dev.dummy_app",
                  "module_name": "examples.dev.dummy_app.app"
                },
                "bases": null
              },
              "id": 14311892048,
              "init_bindings": null
            },
            "name": "get_context"
          }
        },
        {
          "path": "app",
          "method": {
            "obj": {
              "cls": {
                "name": "DummyApp",
                "module": {
                  "package_name": "examples.dev.dummy_app",
                  "module_name": "examples.dev.dummy_app.app"
                },
                "bases": null
              },
              "id": 14311892048,
              "init_bindings": null
            },
            "name": "process_chunk_by_tool"
          }
        },
        {
          "path": "app.tools[0]",
          "method": {
            "obj": {
              "cls": {
                "name": "DummyStackTool",
                "module": {
                  "package_name": "examples.dev.dummy_app",
                  "module_name": "examples.dev.dummy_app.tool"
                },
                "bases": null
              },
              "id": 14311890896,
              "init_bindings": null
            },
            "name": "invoke"
          }
        }
      ],
      "args": {
        "data": "Relevant chunk: HELLO"
      },
      "rets": "<table>\n\n            <tr>\n                <td>examples.dev.dummy_app.tool</td>\n                <td>save_stack</td>\n            </tr>\n            \n            <tr>\n                <td>examples.dev.dummy_app.tool</td>\n                <td>invoke</td>\n            </tr>\n            \n            <tr>\n                <td>examples.dev.dummy_app.app</td>\n                <td>process_chunk_by_tool</td>\n            </tr>\n            \n            <tr>\n                <td>examples.dev.dummy_app.app</td>\n                <td><genexpr></td>\n            </tr>\n            \n            <tr>\n                <td>examples.dev.dummy_app.app</td>\n                <td>get_context</td>\n            </tr>\n            \n            <tr>\n                <td>examples.dev.dummy_app.app</td>\n                <td>respond_to_query</td>\n            </tr>\n            </table>\n",
      "error": null,
      "perf": {
        "start_time": "2024-08-09T13:56:35.184843",
        "end_time": "2024-08-09T13:56:35.224941"
      },
      "pid": 99442,
      "tid": 14134719
    },
    {
      "call_id": "c62c39b9-70a7-4e4b-bd4e-c8daa1710690",
      "stack": [
        {
          "path": "app",
          "method": {
            "obj": {
              "cls": {
                "name": "DummyApp",
                "module": {
                  "package_name": "examples.dev.dummy_app",
                  "module_name": "examples.dev.dummy_app.app"
                },
                "bases": null
              },
              "id": 14311892048,
              "init_bindings": null
            },
            "name": "respond_to_query"
          }
        },
        {
          "path": "app",
          "method": {
            "obj": {
              "cls": {
                "name": "DummyApp",
                "module": {
                  "package_name": "examples.dev.dummy_app",
                  "module_name": "examples.dev.dummy_app.app"
                },
                "bases": null
              },
              "id": 14311892048,
              "init_bindings": null
            },
            "name": "get_context"
          }
        },
        {
          "path": "app",
          "method": {
            "obj": {
              "cls": {
                "name": "DummyApp",
                "module": {
                  "package_name": "examples.dev.dummy_app",
                  "module_name": "examples.dev.dummy_app.app"
                },
                "bases": null
              },
              "id": 14311892048,
              "init_bindings": null
            },
            "name": "process_chunk_by_tool"
          }
        }
      ],
      "args": {
        "chunk_and_score": [
          "Relevant chunk: HELLO",
          16.0
        ],
        "tool_num": 0
      },
      "rets": "<table>\n\n            <tr>\n                <td>examples.dev.dummy_app.tool</td>\n                <td>save_stack</td>\n            </tr>\n            \n            <tr>\n                <td>examples.dev.dummy_app.tool</td>\n                <td>invoke</td>\n            </tr>\n            \n            <tr>\n                <td>examples.dev.dummy_app.app</td>\n                <td>process_chunk_by_tool</td>\n            </tr>\n            \n            <tr>\n                <td>examples.dev.dummy_app.app</td>\n                <td><genexpr></td>\n            </tr>\n            \n            <tr>\n                <td>examples.dev.dummy_app.app</td>\n                <td>get_context</td>\n            </tr>\n            \n            <tr>\n                <td>examples.dev.dummy_app.app</td>\n                <td>respond_to_query</td>\n            </tr>\n            </table>\n",
      "error": null,
      "perf": {
        "start_time": "2024-08-09T13:56:35.119320",
        "end_time": "2024-08-09T13:56:35.225010"
      },
      "pid": 99442,
      "tid": 14134719
    },
    {
      "call_id": "565e5578-0aae-42b8-8f47-69226bd1a71c",
      "stack": [
        {
          "path": "app",
          "method": {
            "obj": {
              "cls": {
                "name": "DummyApp",
                "module": {
                  "package_name": "examples.dev.dummy_app",
                  "module_name": "examples.dev.dummy_app.app"
                },
                "bases": null
              },
              "id": 14311892048,
              "init_bindings": null
            },
            "name": "respond_to_query"
          }
        },
        {
          "path": "app",
          "method": {
            "obj": {
              "cls": {
                "name": "DummyApp",
                "module": {
                  "package_name": "examples.dev.dummy_app",
                  "module_name": "examples.dev.dummy_app.app"
                },
                "bases": null
              },
              "id": 14311892048,
              "init_bindings": null
            },
            "name": "get_context"
          }
        },
        {
          "path": "app",
          "method": {
            "obj": {
              "cls": {
                "name": "DummyApp",
                "module": {
                  "package_name": "examples.dev.dummy_app",
                  "module_name": "examples.dev.dummy_app.app"
                },
                "bases": null
              },
              "id": 14311892048,
              "init_bindings": null
            },
            "name": "process_chunk_by_tool"
          }
        },
        {
          "path": "app.tools[1]",
          "method": {
            "obj": {
              "cls": {
                "name": "DummyTool",
                "module": {
                  "package_name": "examples.dev.dummy_app",
                  "module_name": "examples.dev.dummy_app.tool"
                },
                "bases": null
              },
              "id": 14311891184,
              "init_bindings": null
            },
            "name": "invoke"
          }
        }
      ],
      "args": {
        "data": "Relevant chunk: olleholleholleh"
      },
      "rets": "Relevant chunk: olleholleholleh",
      "error": null,
      "perf": {
        "start_time": "2024-08-09T13:56:35.331794",
        "end_time": "2024-08-09T13:56:35.346140"
      },
      "pid": 99442,
      "tid": 14134719
    },
    {
      "call_id": "ce0808f2-3587-4f98-805d-c413999c1dd7",
      "stack": [
        {
          "path": "app",
          "method": {
            "obj": {
              "cls": {
                "name": "DummyApp",
                "module": {
                  "package_name": "examples.dev.dummy_app",
                  "module_name": "examples.dev.dummy_app.app"
                },
                "bases": null
              },
              "id": 14311892048,
              "init_bindings": null
            },
            "name": "respond_to_query"
          }
        },
        {
          "path": "app",
          "method": {
            "obj": {
              "cls": {
                "name": "DummyApp",
                "module": {
                  "package_name": "examples.dev.dummy_app",
                  "module_name": "examples.dev.dummy_app.app"
                },
                "bases": null
              },
              "id": 14311892048,
              "init_bindings": null
            },
            "name": "get_context"
          }
        },
        {
          "path": "app",
          "method": {
            "obj": {
              "cls": {
                "name": "DummyApp",
                "module": {
                  "package_name": "examples.dev.dummy_app",
                  "module_name": "examples.dev.dummy_app.app"
                },
                "bases": null
              },
              "id": 14311892048,
              "init_bindings": null
            },
            "name": "process_chunk_by_tool"
          }
        }
      ],
      "args": {
        "chunk_and_score": [
          "Relevant chunk: olleholleholleh",
          26.0
        ],
        "tool_num": 1
      },
      "rets": "Relevant chunk: olleholleholleh",
      "error": null,
      "perf": {
        "start_time": "2024-08-09T13:56:35.275963",
        "end_time": "2024-08-09T13:56:35.346203"
      },
      "pid": 99442,
      "tid": 14134719
    },
    {
      "call_id": "6712ed0f-84b3-4698-ac49-664aeef2f57d",
      "stack": [
        {
          "path": "app",
          "method": {
            "obj": {
              "cls": {
                "name": "DummyApp",
                "module": {
                  "package_name": "examples.dev.dummy_app",
                  "module_name": "examples.dev.dummy_app.app"
                },
                "bases": null
              },
              "id": 14311892048,
              "init_bindings": null
            },
            "name": "respond_to_query"
          }
        },
        {
          "path": "app",
          "method": {
            "obj": {
              "cls": {
                "name": "DummyApp",
                "module": {
                  "package_name": "examples.dev.dummy_app",
                  "module_name": "examples.dev.dummy_app.app"
                },
                "bases": null
              },
              "id": 14311892048,
              "init_bindings": null
            },
            "name": "get_context"
          }
        }
      ],
      "args": {
        "query": "hello"
      },
      "rets": [
        "<table>\n\n            <tr>\n                <td>examples.dev.dummy_app.tool</td>\n                <td>save_stack</td>\n            </tr>\n            \n            <tr>\n                <td>examples.dev.dummy_app.tool</td>\n                <td>invoke</td>\n            </tr>\n            \n            <tr>\n                <td>examples.dev.dummy_app.app</td>\n                <td>process_chunk_by_tool</td>\n            </tr>\n            \n            <tr>\n                <td>examples.dev.dummy_app.app</td>\n                <td><genexpr></td>\n            </tr>\n            \n            <tr>\n                <td>examples.dev.dummy_app.app</td>\n                <td>get_context</td>\n            </tr>\n            \n            <tr>\n                <td>examples.dev.dummy_app.app</td>\n                <td>respond_to_query</td>\n            </tr>\n            </table>\n",
        "Relevant chunk: olleholleholleh"
      ],
      "error": null,
      "perf": {
        "start_time": "2024-08-09T13:56:34.931420",
        "end_time": "2024-08-09T13:56:35.346228"
      },
      "pid": 99442,
      "tid": 14134719
    },
    {
      "call_id": "70228beb-f7bd-4eaf-bc5b-cff588b7b6cf",
      "stack": [
        {
          "path": "app",
          "method": {
            "obj": {
              "cls": {
                "name": "DummyApp",
                "module": {
                  "package_name": "examples.dev.dummy_app",
                  "module_name": "examples.dev.dummy_app.app"
                },
                "bases": null
              },
              "id": 14311892048,
              "init_bindings": null
            },
            "name": "respond_to_query"
          }
        },
        {
          "path": "app.memory",
          "method": {
            "obj": {
              "cls": {
                "name": "DummyMemory",
                "module": {
                  "package_name": "examples.dev.dummy_app",
                  "module_name": "examples.dev.dummy_app.memory"
                },
                "bases": null
              },
              "id": 14311892144,
              "init_bindings": null
            },
            "name": "remember"
          }
        }
      ],
      "args": {
        "data": "hello"
      },
      "rets": null,
      "error": null,
      "perf": {
        "start_time": "2024-08-09T13:56:35.399164",
        "end_time": "2024-08-09T13:56:35.412282"
      },
      "pid": 99442,
      "tid": 14134719
    },
    {
      "call_id": "000306a4-0eb8-4ca5-8105-007b2a8b217f",
      "stack": [
        {
          "path": "app",
          "method": {
            "obj": {
              "cls": {
                "name": "DummyApp",
                "module": {
                  "package_name": "examples.dev.dummy_app",
                  "module_name": "examples.dev.dummy_app.app"
                },
                "bases": null
              },
              "id": 14311892048,
              "init_bindings": null
            },
            "name": "respond_to_query"
          }
        },
        {
          "path": "app.llm",
          "method": {
            "obj": {
              "cls": {
                "name": "DummyLLM",
                "module": {
                  "package_name": "examples.dev.dummy_app",
                  "module_name": "examples.dev.dummy_app.llm"
                },
                "bases": null
              },
              "id": 14311892288,
              "init_bindings": null
            },
            "name": "generate"
          }
        }
      ],
      "args": {
        "prompt": "<table>\n\n            <tr>\n                <td>examples.dev.dummy_app.tool</td>\n                <td>save_stack</td>\n            </tr>\n            \n            <tr>\n                <td>examples.dev.dummy_app.tool</td>\n                <td>invoke</td>\n            </tr>\n            \n            <tr>\n                <td>examples.dev.dummy_app.app</td>\n                <td>process_chunk_by_tool</td>\n            </tr>\n            \n            <tr>\n                <td>examples.dev.dummy_app.app</td>\n                <td><genexpr></td>\n            </tr>\n            \n            <tr>\n                <td>examples.dev.dummy_app.app</td>\n                <td>get_context</td>\n            </tr>\n            \n            <tr>\n                <td>examples.dev.dummy_app.app</td>\n                <td>respond_to_query</td>\n            </tr>\n            </table>\n,Relevant chunk: olleholleholleh"
      },
      "rets": "\nFirst an integer: 2 . Also, this is my response to a prompt of length\n880 with a model derp with temperature 0.5. Also, here is\nan integer in case this is being used as a score: 2\n",
      "error": null,
      "perf": {
        "start_time": "2024-08-09T13:56:35.470222",
        "end_time": "2024-08-09T13:56:35.494349"
      },
      "pid": 99442,
      "tid": 14134719
    },
    {
      "call_id": "73f78997-fdc2-4d93-b587-90933575fa54",
      "stack": [
        {
          "path": "app",
          "method": {
            "obj": {
              "cls": {
                "name": "DummyApp",
                "module": {
                  "package_name": "examples.dev.dummy_app",
                  "module_name": "examples.dev.dummy_app.app"
                },
                "bases": null
              },
              "id": 14311892048,
              "init_bindings": null
            },
            "name": "respond_to_query"
          }
        },
        {
          "path": "app.template",
          "method": {
            "obj": {
              "cls": {
                "name": "DummyTemplate",
                "module": {
                  "package_name": "examples.dev.dummy_app",
                  "module_name": "examples.dev.dummy_app.template"
                },
                "bases": null
              },
              "id": 14311892432,
              "init_bindings": null
            },
            "name": "fill"
          }
        }
      ],
      "args": {
        "question": "hello",
        "context": "\nFirst an integer: 2 . Also, this is my response to a prompt of length\n880 with a model derp with temperature 0.5. Also, here is\nan integer in case this is being used as a score: 2\n"
      },
      "rets": "Please answer the following question given the context.\nQUESTION: hello\nCONTEXT: \nFirst an integer: 2 . Also, this is my response to a prompt of length\n880 with a model derp with temperature 0.5. Also, here is\nan integer in case this is being used as a score: 2\n\n",
      "error": null,
      "perf": {
        "start_time": "2024-08-09T13:56:35.535777",
        "end_time": "2024-08-09T13:56:35.545546"
      },
      "pid": 99442,
      "tid": 14134719
    },
    {
      "call_id": "62df3d4f-2e51-450d-8bf2-1c788a849612",
      "stack": [
        {
          "path": "app",
          "method": {
            "obj": {
              "cls": {
                "name": "DummyApp",
                "module": {
                  "package_name": "examples.dev.dummy_app",
                  "module_name": "examples.dev.dummy_app.app"
                },
                "bases": null
              },
              "id": 14311892048,
              "init_bindings": null
            },
            "name": "respond_to_query"
          }
        },
        {
          "path": "app.llm",
          "method": {
            "obj": {
              "cls": {
                "name": "DummyLLM",
                "module": {
                  "package_name": "examples.dev.dummy_app",
                  "module_name": "examples.dev.dummy_app.llm"
                },
                "bases": null
              },
              "id": 14311892288,
              "init_bindings": null
            },
            "name": "generate"
          }
        }
      ],
      "args": {
        "prompt": "Please answer the following question given the context.\nQUESTION: hello\nCONTEXT: \nFirst an integer: 2 . Also, this is my response to a prompt of length\n880 with a model derp with temperature 0.5. Also, here is\nan integer in case this is being used as a score: 2\n\n"
      },
      "rets": "\nFirst an integer: 2 . Also, this is my response to a prompt of length\n263 with a model derp with temperature 0.5. Also, here is\nan integer in case this is being used as a score: 2\n",
      "error": null,
      "perf": {
        "start_time": "2024-08-09T13:56:35.584908",
        "end_time": "2024-08-09T13:56:35.602707"
      },
      "pid": 99442,
      "tid": 14134719
    },
    {
      "call_id": "61bb00cd-e6ff-4e5f-a89e-bd081d34ca14",
      "stack": [
        {
          "path": "app",
          "method": {
            "obj": {
              "cls": {
                "name": "DummyApp",
                "module": {
                  "package_name": "examples.dev.dummy_app",
                  "module_name": "examples.dev.dummy_app.app"
                },
                "bases": null
              },
              "id": 14311892048,
              "init_bindings": null
            },
            "name": "respond_to_query"
          }
        },
        {
          "path": "app.memory",
          "method": {
            "obj": {
              "cls": {
                "name": "DummyMemory",
                "module": {
                  "package_name": "examples.dev.dummy_app",
                  "module_name": "examples.dev.dummy_app.memory"
                },
                "bases": null
              },
              "id": 14311892144,
              "init_bindings": null
            },
            "name": "remember"
          }
        }
      ],
      "args": {
        "data": "\nFirst an integer: 2 . Also, this is my response to a prompt of length\n263 with a model derp with temperature 0.5. Also, here is\nan integer in case this is being used as a score: 2\n"
      },
      "rets": null,
      "error": null,
      "perf": {
        "start_time": "2024-08-09T13:56:35.643225",
        "end_time": "2024-08-09T13:56:35.654070"
      },
      "pid": 99442,
      "tid": 14134719
    },
    {
      "call_id": "714fc0e2-9ee8-47e7-be3b-3356b2f20f33",
      "stack": [
        {
          "path": "app",
          "method": {
            "obj": {
              "cls": {
                "name": "DummyApp",
                "module": {
                  "package_name": "examples.dev.dummy_app",
                  "module_name": "examples.dev.dummy_app.app"
                },
                "bases": null
              },
              "id": 14311892048,
              "init_bindings": null
            },
            "name": "respond_to_query"
          }
        }
      ],
      "args": {
        "query": "hello"
      },
      "rets": "\nFirst an integer: 2 . Also, this is my response to a prompt of length\n263 with a model derp with temperature 0.5. Also, here is\nan integer in case this is being used as a score: 2\n",
      "error": null,
      "perf": {
        "start_time": "2024-08-09T13:56:34.635482",
        "end_time": "2024-08-09T13:56:35.654104"
      },
      "pid": 99442,
      "tid": 14134719
    }
  ]
}
