{
  "feedback_result_id": "feedback_result_hash_988ccf4c5cced7a8e142c78cbc0917e5",
  "record_id": "record_hash_8431a92fc94b2a477236d5cab235e83b",
  "feedback_definition_id": "feedback_definition_hash_ec9d37a7b1597cea93a33f29d6cd1cbb",
  "last_ts": "2024-08-09T13:56:35.751484",
  "status": "done",
  "cost": {
    "n_requests": 0,
    "n_successful_requests": 0,
    "n_classes": 0,
    "n_tokens": 0,
    "n_stream_chunks": 0,
    "n_prompt_tokens": 0,
    "n_completion_tokens": 0,
    "cost": 0.0
  },
  "name": "context_relevance",
  "calls": [
    {
      "args": {
        "question": "hello",
        "context": "\nFirst an integer: 2 . Also, this is my response to a prompt of length\n263 with a model derp with temperature 0.5. Also, here is\nan integer in case this is being used as a score: 2\n"
      },
      "ret": 0.6666666666666666,
      "meta": {}
    }
  ],
  "result": 0.6666666666666666,
  "error": null,
  "multi_result": "null"
}
