"This is my response to a prompt of length 167 with a model derp with temperature 0.5."